Component: ARM Compiler 5.05 update 1 (build 106) Tool: armlink [4d0efa]

==============================================================================

Section Cross References

    main.o(.text) refers to misc.o(.text) for NVIC_PriorityGroupConfig
    main.o(.text) refers to delay.o(.text) for delay_init
    main.o(.text) refers to usart.o(.text) for uart_init
    main.o(.text) refers to led.o(.text) for LED_Init
    main.o(.text) refers to key.o(.text) for KEY_Init
    main.o(.text) refers to 24cxx.o(.text) for AT24CXX_Init
    main.o(.text) refers to noretval__2printf.o(.text) for __2printf
    main.o(.text) refers to vl53l0x.o(.text) for vl53l0x_test
    main.o(.text) refers to usmart_config.o(.data) for usmart_dev
    system_stm32f4xx.o(.text) refers to system_stm32f4xx.o(.data) for .data
    led.o(.text) refers to stm32f4xx_rcc.o(.text) for RCC_AHB1PeriphClockCmd
    led.o(.text) refers to stm32f4xx_gpio.o(.text) for GPIO_Init
    lcd.o(.text) refers to _printf_percent.o(.ARM.Collect$$_printf_percent$$00000000) for _printf_percent
    lcd.o(.text) refers to _printf_x.o(.ARM.Collect$$_printf_percent$$0000000C) for _printf_x
    lcd.o(.text) refers to _printf_hex_int.o(.text) for _printf_longlong_hex
    lcd.o(.text) refers to delay.o(.text) for delay_us
    lcd.o(.text) refers to lcd.o(.bss) for .bss
    lcd.o(.text) refers to dflt_clz.o(x$fpl$dfltu) for __aeabi_ui2d
    lcd.o(.text) refers to dmul.o(x$fpl$dmul) for __aeabi_dmul
    lcd.o(.text) refers to dfixu.o(x$fpl$dfixu) for __aeabi_d2uiz
    lcd.o(.text) refers to lcd.o(.data) for .data
    lcd.o(.text) refers to stm32f4xx_rcc.o(.text) for RCC_AHB1PeriphClockCmd
    lcd.o(.text) refers to stm32f4xx_gpio.o(.text) for GPIO_Init
    lcd.o(.text) refers to stm32f4xx_fsmc.o(.text) for FSMC_NORSRAMInit
    lcd.o(.text) refers to noretval__2printf.o(.text) for __2printf
    lcd.o(.text) refers to lcd.o(.constdata) for .constdata
    key.o(.text) refers to stm32f4xx_rcc.o(.text) for RCC_AHB1PeriphClockCmd
    key.o(.text) refers to stm32f4xx_gpio.o(.text) for GPIO_Init
    key.o(.text) refers to delay.o(.text) for delay_ms
    key.o(.text) refers to key.o(.data) for .data
    myiic.o(.text) refers to stm32f4xx_rcc.o(.text) for RCC_AHB1PeriphClockCmd
    myiic.o(.text) refers to stm32f4xx_gpio.o(.text) for GPIO_Init
    myiic.o(.text) refers to delay.o(.text) for delay_us
    24cxx.o(.text) refers to myiic.o(.text) for IIC_Init
    24cxx.o(.text) refers to delay.o(.text) for delay_ms
    delay.o(.text) refers to misc.o(.text) for SysTick_CLKSourceConfig
    delay.o(.text) refers to delay.o(.data) for .data
    usart.o(.rev16_text) refers (Special) to use_no_semi_2.o(.text) for __use_no_semihosting
    usart.o(.revsh_text) refers (Special) to use_no_semi_2.o(.text) for __use_no_semihosting
    usart.o(.text) refers (Special) to use_no_semi_2.o(.text) for __use_no_semihosting
    usart.o(.text) refers to stm32f4xx_rcc.o(.text) for RCC_AHB1PeriphClockCmd
    usart.o(.text) refers to stm32f4xx_gpio.o(.text) for GPIO_PinAFConfig
    usart.o(.text) refers to stm32f4xx_usart.o(.text) for USART_Init
    usart.o(.text) refers to misc.o(.text) for NVIC_Init
    usart.o(.text) refers to usart.o(.data) for .data
    usart.o(.text) refers to usart.o(.bss) for .bss
    usart.o(.bss) refers (Special) to use_no_semi_2.o(.text) for __use_no_semihosting
    usart.o(.data) refers (Special) to use_no_semi_2.o(.text) for __use_no_semihosting
    usart.o(.data) refers (Special) to use_no_semi_2.o(.text) for __use_no_semihosting
    startup_stm32f40_41xxx.o(STACK) refers (Special) to heapauxi.o(.text) for __use_two_region_memory
    startup_stm32f40_41xxx.o(HEAP) refers (Special) to heapauxi.o(.text) for __use_two_region_memory
    startup_stm32f40_41xxx.o(RESET) refers (Special) to heapauxi.o(.text) for __use_two_region_memory
    startup_stm32f40_41xxx.o(RESET) refers to startup_stm32f40_41xxx.o(STACK) for __initial_sp
    startup_stm32f40_41xxx.o(RESET) refers to startup_stm32f40_41xxx.o(.text) for Reset_Handler
    startup_stm32f40_41xxx.o(RESET) refers to stm32f4xx_it.o(.text) for NMI_Handler
    startup_stm32f40_41xxx.o(RESET) refers to vl53l0x_it.o(.text) for EXTI9_5_IRQHandler
    startup_stm32f40_41xxx.o(RESET) refers to usmart.o(.text) for TIM4_IRQHandler
    startup_stm32f40_41xxx.o(RESET) refers to usart.o(.text) for USART1_IRQHandler
    startup_stm32f40_41xxx.o(.text) refers (Special) to heapauxi.o(.text) for __use_two_region_memory
    startup_stm32f40_41xxx.o(.text) refers to system_stm32f4xx.o(.text) for SystemInit
    startup_stm32f40_41xxx.o(.text) refers to __main.o(!!!main) for __main
    startup_stm32f40_41xxx.o(.text) refers to startup_stm32f40_41xxx.o(HEAP) for Heap_Mem
    startup_stm32f40_41xxx.o(.text) refers to startup_stm32f40_41xxx.o(STACK) for Stack_Mem
    stm32f4xx_gpio.o(.text) refers to stm32f4xx_rcc.o(.text) for RCC_AHB1PeriphResetCmd
    stm32f4xx_fsmc.o(.text) refers to stm32f4xx_fsmc.o(.constdata) for .constdata
[...]
    __rt_lib_init_stdio_1                    0x0800026b   Thumb Code     0  libinit2.o(.ARM.Collect$$libinit$$00000025)
    __rt_lib_init_user_alloc_1               0x0800026b   Thumb Code     0  libinit2.o(.ARM.Collect$$libinit$$0000000C)
    __rt_lib_shutdown                        0x0800026d   Thumb Code     0  libshutdown.o(.ARM.Collect$$libshutdown$$00000000)
    __rt_lib_shutdown_fp_trap_1              0x0800026f   Thumb Code     0  libshutdown2.o(.ARM.Collect$$libshutdown$$00000006)
    __rt_lib_shutdown_heap_1                 0x0800026f   Thumb Code     0  libshutdown2.o(.ARM.Collect$$libshutdown$$0000000E)
    __rt_lib_shutdown_return                 0x0800026f   Thumb Code     0  libshutdown2.o(.ARM.Collect$$libshutdown$$0000000F)
    __rt_lib_shutdown_signal_1               0x0800026f   Thumb Code     0  libshutdown2.o(.ARM.Collect$$libshutdown$$00000009)
    __rt_lib_shutdown_stdio_1                0x0800026f   Thumb Code     0  libshutdown2.o(.ARM.Collect$$libshutdown$$00000003)
    __rt_lib_shutdown_user_alloc_1           0x0800026f   Thumb Code     0  libshutdown2.o(.ARM.Collect$$libshutdown$$0000000B)
    __rt_entry                               0x08000271   Thumb Code     0  __rtentry.o(.ARM.Collect$$rtentry$$00000000)
    __rt_entry_presh_1                       0x08000271   Thumb Code     0  __rtentry2.o(.ARM.Collect$$rtentry$$00000002)
    __rt_entry_sh                            0x08000271   Thumb Code     0  __rtentry4.o(.ARM.Collect$$rtentry$$00000004)
    __rt_entry_li                            0x08000277   Thumb Code     0  __rtentry2.o(.ARM.Collect$$rtentry$$0000000A)
    __rt_entry_postsh_1                      0x08000277   Thumb Code     0  __rtentry2.o(.ARM.Collect$$rtentry$$00000009)
    __rt_entry_main                          0x0800027b   Thumb Code     0  __rtentry2.o(.ARM.Collect$$rtentry$$0000000D)
    __rt_entry_postli_1                      0x0800027b   Thumb Code     0  __rtentry2.o(.ARM.Collect$$rtentry$$0000000C)
    __rt_exit                                0x08000283   Thumb Code     0  rtexit.o(.ARM.Collect$$rtexit$$00000000)
    __rt_exit_ls                             0x08000285   Thumb Code     0  rtexit2.o(.ARM.Collect$$rtexit$$00000003)
    __rt_exit_prels_1                        0x08000285   Thumb Code     0  rtexit2.o(.ARM.Collect$$rtexit$$00000002)
    __rt_exit_exit                           0x08000289   Thumb Code     0  rtexit2.o(.ARM.Collect$$rtexit$$00000004)
    main                                     0x08000291   Thumb Code    92  main.o(.text)
    NMI_Handler                              0x0800030d   Thumb Code     2  stm32f4xx_it.o(.text)
    HardFault_Handler                        0x0800030f   Thumb Code     2  stm32f4xx_it.o(.text)
    MemManage_Handler                        0x08000311   Thumb Code     2  stm32f4xx_it.o(.text)
    BusFault_Handler                         0x08000313   Thumb Code     2  stm32f4xx_it.o(.text)
    UsageFault_Handler                       0x08000315   Thumb Code     2  stm32f4xx_it.o(.text)
    SVC_Handler                              0x08000317   Thumb Code     2  stm32f4xx_it.o(.text)
    DebugMon_Handler                         0x08000319   Thumb Code     2  stm32f4xx_it.o(.text)
    PendSV_Handler                           0x0800031b   Thumb Code     2  stm32f4xx_it.o(.text)
    SysTick_Handler                          0x0800031d   Thumb Code     2  stm32f4xx_it.o(.text)
    SystemInit                               0x080003c3   Thumb Code    74  system_stm32f4xx.o(.text)
    SystemCoreClockUpdate                    0x0800040d   Thumb Code   108  system_stm32f4xx.o(.text)
    LED_Init                                 0x0800049d   Thumb Code    58  led.o(.text)
    LCD_WR_REG                               0x080004dd   Thumb Code    24  lcd.o(.text)
    LCD_WR_DATA                              0x080004f5   Thumb Code    24  lcd.o(.text)
    LCD_RD_DATA                              0x0800050d   Thumb Code    20  lcd.o(.text)
    LCD_WriteReg                             0x08000521   Thumb Code    12  lcd.o(.text)
    LCD_ReadReg                              0x0800052d   Thumb Code    18  lcd.o(.text)
    LCD_WriteRAM_Prepare                     0x0800053f   Thumb Code    14  lcd.o(.text)
    LCD_WriteRAM                             0x0800054d   Thumb Code    10  lcd.o(.text)
    LCD_BGR2RGB                              0x08000557   Thumb Code    18  lcd.o(.text)
    opt_delay                                0x08000569   Thumb Code     8  lcd.o(.text)
    LCD_SetCursor                            0x08000571   Thumb Code   322  lcd.o(.text)
    LCD_ReadPoint                            0x080006b3   Thumb Code   248  lcd.o(.text)
    LCD_DisplayOn                            0x080007ab   Thumb Code    62  lcd.o(.text)
    LCD_DisplayOff                           0x080007e9   Thumb Code    60  lcd.o(.text)
    LCD_Scan_Dir                             0x08000825   Thumb Code   516  lcd.o(.text)
    LCD_DrawPoint                            0x08000a29   Thumb Code    24  lcd.o(.text)
    LCD_Fast_DrawPoint                       0x08000a41   Thumb Code   264  lcd.o(.text)
    LCD_SSD_BackLightSet                     0x08000b49   Thumb Code    70  lcd.o(.text)
    LCD_Display_Dir                          0x08000b8f   Thumb Code   302  lcd.o(.text)
    LCD_Set_Window                           0x08000cbd   Thumb Code   492  lcd.o(.text)
    LCD_Clear                                0x08000ea9   Thumb Code   104  lcd.o(.text)
    LCD_Init                                 0x08000f11   Thumb Code 14090  lcd.o(.text)
    LCD_Fill                                 0x0800461b   Thumb Code   134  lcd.o(.text)
    LCD_Color_Fill                           0x080046a1   Thumb Code    86  lcd.o(.text)
    LCD_DrawLine                             0x080046f7   Thumb Code   150  lcd.o(.text)
    LCD_DrawRectangle                        0x0800478d   Thumb Code    54  lcd.o(.text)
    LCD_Draw_Circle                          0x080047c3   Thumb Code   176  lcd.o(.text)
    LCD_ShowChar                             0x08004873   Thumb Code   184  lcd.o(.text)
    LCD_Pow                                  0x0800492b   Thumb Code    16  lcd.o(.text)
    LCD_ShowNum                              0x0800493b   Thumb Code   118  lcd.o(.text)
    LCD_ShowxNum                             0x080049b1   Thumb Code   150  lcd.o(.text)
    LCD_ShowString                           0x08004a47   Thumb Code    82  lcd.o(.text)
    KEY_Init                                 0x08004a99   Thumb Code    58  key.o(.text)
    KEY_Scan                                 0x08004ad3   Thumb Code   190  key.o(.text)
    IIC_Init                                 0x08004b9d   Thumb Code    58  myiic.o(.text)
    IIC_Start                                0x08004bd7   Thumb Code    56  myiic.o(.text)
    IIC_Stop                                 0x08004c0f   Thumb Code    58  myiic.o(.text)
    IIC_Wait_Ack                             0x08004c49   Thumb Code    74  myiic.o(.text)
    IIC_Ack                                  0x08004c93   Thumb Code    56  myiic.o(.text)
    IIC_NAck                                 0x08004ccb   Thumb Code    56  myiic.o(.text)
    IIC_Send_Byte                            0x08004d03   Thumb Code    86  myiic.o(.text)
    IIC_Read_Byte                            0x08004d59   Thumb Code    96  myiic.o(.text)
    AT24CXX_Init                             0x08004dc1   Thumb Code     4  24cxx.o(.text)
    AT24CXX_ReadOneByte                      0x08004dc5   Thumb Code    66  24cxx.o(.text)
    AT24CXX_WriteOneByte                     0x08004e07   Thumb Code    62  24cxx.o(.text)
    AT24CXX_WriteLenByte                     0x08004e45   Thumb Code    42  24cxx.o(.text)
    AT24CXX_ReadLenByte                      0x08004e6f   Thumb Code    40  24cxx.o(.text)
    AT24CXX_Check                            0x08004e97   Thumb Code    38  24cxx.o(.text)
    AT24CXX_Read                             0x08004ebd   Thumb Code    34  24cxx.o(.text)
    AT24CXX_Write                            0x08004edf   Thumb Code    32  24cxx.o(.text)
    delay_init                               0x08004f01   Thumb Code    38  delay.o(.text)
    delay_us                                 0x08004f27   Thumb Code    46  delay.o(.text)
    delay_xms                                0x08004f55   Thumb Code    46  delay.o(.text)
    delay_ms                                 0x08004f83   Thumb Code    50  delay.o(.text)
    _sys_exit                                0x08004fb9   Thumb Code     2  usart.o(.text)
    fputc                                    0x08004fbb   Thumb Code    14  usart.o(.text)
    uart_init                                0x08004fc9   Thumb Code   164  usart.o(.text)
    USART1_IRQHandler                        0x0800506d   Thumb Code    88  usart.o(.text)
    Reset_Handler                            0x080050d5   Thumb Code     8  startup_stm32f40_41xxx.o(.text)
    ADC_IRQHandler                           0x080050ef   Thumb Code     0  startup_stm32f40_41xxx.o(.text)
    CAN1_RX0_IRQHandler                      0x080050ef   Thumb Code     0  startup_stm32f40_41xxx.o(.text)
    CAN1_RX1_IRQHandler                      0x080050ef   Thumb Code     0  startup_stm32f40_41xxx.o(.text)
    CAN1_SCE_IRQHandler                      0x080050ef   Thumb Code     0  startup_stm32f40_41xxx.o(.text)
    CAN1_TX_IRQHandler                       0x080050ef   Thumb Code     0  startup_stm32f40_41xxx.o(.text)
    CAN2_RX0_IRQHandler                      0x080050ef   Thumb Code     0  startup_stm32f40_41xxx.o(.text)
    CAN2_RX1_IRQHandler                      0x080050ef   Thumb Code     0  startup_stm32f40_41xxx.o(.text)
    CAN2_SCE_IRQHandler                      0x080050ef   Thumb Code     0  startup_stm32f40_41xxx.o(.text)
    CAN2_TX_IRQHandler                       0x080050ef   Thumb Code     0  startup_stm32f40_41xxx.o(.text)
    CRYP_IRQHandler                          0x080050ef   Thumb Code     0  startup_stm32f40_41xxx.o(.text)
    DCMI_IRQHandler                          0x080050ef   Thumb Code     0  startup_stm32f40_41xxx.o(.text)
    DMA1_Stream0_IRQHandler                  0x080050ef   Thumb Code     0  startup_stm32f40_41xxx.o(.text)
    DMA1_Stream1_IRQHandler                  0x080050ef   Thumb Code     0  startup_stm32f40_41xxx.o(.text)
    DMA1_Stream2_IRQHandler                  0x080050ef   Thumb Code     0  startup_stm32f40_41xxx.o(.text)
    DMA1_Stream3_IRQHandler                  0x080050ef   Thumb Code     0  startup_stm32f40_41xxx.o(.text)
    DMA1_Stream4_IRQHandler                  0x080050ef   Thumb Code     0  startup_stm32f40_41xxx.o(.text)
    DMA1_Stream5_IRQHandler                  0x080050ef   Thumb Code     0  startup_stm32f40_41xxx.o(.text)
    DMA1_Stream6_IRQHandler                  0x080050ef   Thumb Code     0  startup_stm32f40_41xxx.o(.text)
    DMA1_Stream7_IRQHandler                  0x080050ef   Thumb Code     0  startup_stm32f40_41xxx.o(.text)
    DMA2_Stream0_IRQHandler                  0x080050ef   Thumb Code     0  startup_stm32f40_41xxx.o(.text)
    DMA2_Stream1_IRQHandler                  0x080050ef   Thumb Code     0  startup_stm32f40_41xxx.o(.text)
    DMA2_Stream2_IRQHandler                  0x080050ef   Thumb Code     0  startup_stm32f40_41xxx.o(.text)
    DMA2_Stream3_IRQHandler                  0x080050ef   Thumb Code     0  startup_stm32f40_41xxx.o(.text)
    DMA2_Stream4_IRQHandler                  0x080050ef   Thumb Code     0  startup_stm32f40_41xxx.o(.text)
    DMA2_Stream5_IRQHandler                  0x080050ef   Thumb Code     0  startup_stm32f40_41xxx.o(.text)
    DMA2_Stream6_IRQHandler                  0x080050ef   Thumb Code     0  startup_stm32f40_41xxx.o(.text)
    DMA2_Stream7_IRQHandler                  0x080050ef   Thumb Code     0  startup_stm32f40_41xxx.o(.text)
    ETH_IRQHandler                           0x080050ef   Thumb Code     0  startup_stm32f40_41xxx.o(.text)
    ETH_WKUP_IRQHandler                      0x080050ef   Thumb Code     0  startup_stm32f40_41xxx.o(.text)
    EXTI0_IRQHandler                         0x080050ef   Thumb Code     0  startup_stm32f40_41xxx.o(.text)
    EXTI15_10_IRQHandler                     0x080050ef   Thumb Code     0  startup_stm32f40_41xxx.o(.text)
    EXTI1_IRQHandler                         0x080050ef   Thumb Code     0  startup_stm32f40_41xxx.o(.text)
    EXTI2_IRQHandler                         0x080050ef   Thumb Code     0  startup_stm32f40_41xxx.o(.text)
    EXTI3_IRQHandler                         0x080050ef   Thumb Code     0  startup_stm32f40_41xxx.o(.text)
    EXTI4_IRQHandler                         0x080050ef   Thumb Code     0  startup_stm32f40_41xxx.o(.text)
    FLASH_IRQHandler                         0x080050ef   Thumb Code     0  startup_stm32f40_41xxx.o(.text)
    FPU_IRQHandler                           0x080050ef   Thumb Code     0  startup_stm32f40_41xxx.o(.text)
    FSMC_IRQHandler                          0x080050ef   Thumb Code     0  startup_stm32f40_41xxx.o(.text)
    HASH_RNG_IRQHandler                      0x080050ef   Thumb Code     0  startup_stm32f40_41xxx.o(.text)
    I2C1_ER_IRQHandler                       0x080050ef   Thumb Code     0  startup_stm32f40_41xxx.o(.text)
    I2C1_EV_IRQHandler                       0x080050ef   Thumb Code     0  startup_stm32f40_41xxx.o(.text)
    I2C2_ER_IRQHandler                       0x080050ef   Thumb Code     0  startup_stm32f40_41xxx.o(.text)
    I2C2_EV_IRQHandler                       0x080050ef   Thumb Code     0  startup_stm32f40_41xxx.o(.text)
    I2C3_ER_IRQHandler                       0x080050ef   Thumb Code     0  startup_stm32f40_41xxx.o(.text)
    I2C3_EV_IRQHandler                       0x080050ef   Thumb Code     0  startup_stm32f40_41xxx.o(.text)
    OTG_FS_IRQHandler                        0x080050ef   Thumb Code     0  startup_stm32f40_41xxx.o(.text)
    OTG_FS_WKUP_IRQHandler                   0x080050ef   Thumb Code     0  startup_stm32f40_41xxx.o(.text)
    OTG_HS_EP1_IN_IRQHandler                 0x080050ef   Thumb Code     0  startup_stm32f40_41xxx.o(.text)
    OTG_HS_EP1_OUT_IRQHandler                0x080050ef   Thumb Code     0  startup_stm32f40_41xxx.o(.text)
    OTG_HS_IRQHandler                        0x080050ef   Thumb Code     0  startup_stm32f40_41xxx.o(.text)
    OTG_HS_WKUP_IRQHandler                   0x080050ef   Thumb Code     0  startup_stm32f40_41xxx.o(.text)
    PVD_IRQHandler                           0x080050ef   Thumb Code     0  startup_stm32f40_41xxx.o(.text)
    RCC_IRQHandler                           0x080050ef   Thumb Code     0  startup_stm32f40_41xxx.o(.text)
    RTC_Alarm_IRQHandler                     0x080050ef   Thumb Code     0  startup_stm32f40_41xxx.o(.text)
    RTC_WKUP_IRQHandler                      0x080050ef   Thumb Code     0  startup_stm32f40_41xxx.o(.text)
    SDIO_IRQHandler                          0x080050ef   Thumb Code     0  startup_stm32f40_41xxx.o(.text)
    SPI1_IRQHandler                          0x080050ef   Thumb Code     0  startup_stm32f40_41xxx.o(.text)
    SPI2_IRQHandler                          0x080050ef   Thumb Code     0  startup_stm32f40_41xxx.o(.text)
    SPI3_IRQHandler                          0x080050ef   Thumb Code     0  startup_stm32f40_41xxx.o(.text)
    TAMP_STAMP_IRQHandler                    0x080050ef   Thumb Code     0  startup_stm32f40_41xxx.o(.text)
    TIM1_BRK_TIM9_IRQHandler                 0x080050ef   Thumb Code     0  startup_stm32f40_41xxx.o(.text)
    TIM1_CC_IRQHandler                       0x080050ef   Thumb Code     0  startup_stm32f40_41xxx.o(.text)
    TIM1_TRG_COM_TIM11_IRQHandler            0x080050ef   Thumb Code     0  startup_stm32f40_41xxx.o(.text)
    TIM1_UP_TIM10_IRQHandler                 0x080050ef   Thumb Code     0  startup_stm32f40_41xxx.o(.text)
    TIM2_IRQHandler                          0x080050ef   Thumb Code     0  startup_stm32f40_41xxx.o(.text)
    TIM3_IRQHandler                          0x080050ef   Thumb Code     0  startup_stm32f40_41xxx.o(.text)
    TIM5_IRQHandler                          0x080050ef   Thumb Code     0  startup_stm32f40_41xxx.o(.text)
    TIM6_DAC_IRQHandler                      0x080050ef   Thumb Code     0  startup_stm32f40_41xxx.o(.text)
    TIM7_IRQHandler                          0x080050ef   Thumb Code     0  startup_stm32f40_41xxx.o(.text)
    TIM8_BRK_TIM12_IRQHandler                0x080050ef   Thumb Code     0  startup_stm32f40_41xxx.o(.text)
    TIM8_CC_IRQHandler                       0x080050ef   Thumb Code     0  startup_stm32f40_41xxx.o(.text)
    TIM8_TRG_COM_TIM14_IRQHandler            0x080050ef   Thumb Code     0  startup_stm32f40_41xxx.o(.text)
    TIM8_UP_TIM13_IRQHandler                 0x080050ef   Thumb Code     0  startup_stm32f40_41xxx.o(.text)
    UART4_IRQHandler                         0x080050ef   Thumb Code     0  startup_stm32f40_41xxx.o(.text)
    UART5_IRQHandler                         0x080050ef   Thumb Code     0  startup_stm32f40_41xxx.o(.text)
    USART2_IRQHandler                        0x080050ef   Thumb Code     0  startup_stm32f40_41xxx.o(.text)
    USART3_IRQHandler                        0x080050ef   Thumb Code     0  startup_stm32f40_41xxx.o(.text)
    USART6_IRQHandler                        0x080050ef   Thumb Code     0  startup_stm32f40_41xxx.o(.text)
    WWDG_IRQHandler                          0x080050ef   Thumb Code     0  startup_stm32f40_41xxx.o(.text)
    __user_initial_stackheap                 0x080050f1   Thumb Code     0  startup_stm32f40_41xxx.o(.text)
    NVIC_PriorityGroupConfig                 0x08005115   Thumb Code    10  misc.o(.text)
    NVIC_Init                                0x0800511f   Thumb Code    96  misc.o(.text)
    NVIC_SetVectorTable                      0x0800517f   Thumb Code    14  misc.o(.text)
    NVIC_SystemLPConfig                      0x0800518d   Thumb Code    20  misc.o(.text)
    SysTick_CLKSourceConfig                  0x080051a1   Thumb Code    24  misc.o(.text)
    GPIO_DeInit                              0x080051c5   Thumb Code   216  stm32f4xx_gpio.o(.text)
    GPIO_Init                                0x0800529d   Thumb Code   120  stm32f4xx_gpio.o(.text)
    GPIO_StructInit                          0x08005315   Thumb Code    18  stm32f4xx_gpio.o(.text)
    GPIO_PinLockConfig                       0x08005327   Thumb Code    24  stm32f4xx_gpio.o(.text)
    GPIO_ReadInputDataBit                    0x0800533f   Thumb Code    14  stm32f4xx_gpio.o(.text)
    GPIO_ReadInputData                       0x0800534d   Thumb Code     6  stm32f4xx_gpio.o(.text)
    GPIO_ReadOutputDataBit                   0x08005353   Thumb Code    14  stm32f4xx_gpio.o(.text)
    GPIO_ReadOutputData                      0x08005361   Thumb Code     6  stm32f4xx_gpio.o(.text)
    GPIO_SetBits                             0x08005367   Thumb Code     4  stm32f4xx_gpio.o(.text)
    GPIO_ResetBits                           0x0800536b   Thumb Code     4  stm32f4xx_gpio.o(.text)
    GPIO_WriteBit                            0x0800536f   Thumb Code    10  stm32f4xx_gpio.o(.text)
    GPIO_Write                               0x08005379   Thumb Code     4  stm32f4xx_gpio.o(.text)
    GPIO_ToggleBits                          0x0800537d   Thumb Code     8  stm32f4xx_gpio.o(.text)
    GPIO_PinAFConfig                         0x08005385   Thumb Code    32  stm32f4xx_gpio.o(.text)
    FSMC_NORSRAMDeInit                       0x080053d1   Thumb Code    38  stm32f4xx_fsmc.o(.text)
    FSMC_NORSRAMInit                         0x080053f7   Thumb Code   200  stm32f4xx_fsmc.o(.text)
    FSMC_NORSRAMStructInit                   0x080054bf   Thumb Code    42  stm32f4xx_fsmc.o(.text)
    FSMC_NORSRAMCmd                          0x080054e9   Thumb Code    26  stm32f4xx_fsmc.o(.text)
    FSMC_NANDDeInit                          0x08005503   Thumb Code    40  stm32f4xx_fsmc.o(.text)
    FSMC_NANDInit                            0x0800552b   Thumb Code   104  stm32f4xx_fsmc.o(.text)
    FSMC_NANDStructInit                      0x08005593   Thumb Code    54  stm32f4xx_fsmc.o(.text)
    FSMC_NANDCmd                             0x080055c9   Thumb Code    54  stm32f4xx_fsmc.o(.text)
    FSMC_NANDECCCmd                          0x080055ff   Thumb Code    54  stm32f4xx_fsmc.o(.text)
    FSMC_GetECC                              0x08005635   Thumb Code    18  stm32f4xx_fsmc.o(.text)
    FSMC_PCCARDDeInit                        0x08005647   Thumb Code    26  stm32f4xx_fsmc.o(.text)
    FSMC_PCCARDInit                          0x08005661   Thumb Code   102  stm32f4xx_fsmc.o(.text)
    FSMC_PCCARDStructInit                    0x080056c7   Thumb Code    60  stm32f4xx_fsmc.o(.text)
    FSMC_PCCARDCmd                           0x08005703   Thumb Code    28  stm32f4xx_fsmc.o(.text)
    FSMC_ITConfig                            0x0800571f   Thumb Code    72  stm32f4xx_fsmc.o(.text)
    FSMC_GetFlagStatus                       0x08005767   Thumb Code    40  stm32f4xx_fsmc.o(.text)
    FSMC_ClearFlag                           0x0800578f   Thumb Code    38  stm32f4xx_fsmc.o(.text)
    FSMC_GetITStatus                         0x080057b5   Thumb Code    48  stm32f4xx_fsmc.o(.text)
    FSMC_ClearITPendingBit                   0x080057e5   Thumb Code    42  stm32f4xx_fsmc.o(.text)
    RCC_DeInit                               0x08005819   Thumb Code    68  stm32f4xx_rcc.o(.text)
    RCC_HSEConfig                            0x0800585d   Thumb Code    12  stm32f4xx_rcc.o(.text)
    RCC_GetFlagStatus                        0x08005869   Thumb Code    46  stm32f4xx_rcc.o(.text)
    RCC_WaitForHSEStartUp                    0x08005897   Thumb Code    44  stm32f4xx_rcc.o(.text)
    RCC_AdjustHSICalibrationValue            0x080058c3   Thumb Code    16  stm32f4xx_rcc.o(.text)
    RCC_HSICmd                               0x080058d3   Thumb Code     6  stm32f4xx_rcc.o(.text)
    RCC_LSEConfig                            0x080058d9   Thumb Code    24  stm32f4xx_rcc.o(.text)
    RCC_LSICmd                               0x080058f1   Thumb Code     6  stm32f4xx_rcc.o(.text)
    RCC_PLLConfig                            0x080058f7   Thumb Code    32  stm32f4xx_rcc.o(.text)
    RCC_PLLCmd                               0x08005917   Thumb Code     6  stm32f4xx_rcc.o(.text)
    RCC_PLLI2SConfig                         0x0800591d   Thumb Code    14  stm32f4xx_rcc.o(.text)
    RCC_PLLI2SCmd                            0x0800592b   Thumb Code     6  stm32f4xx_rcc.o(.text)
    RCC_PLLSAIConfig                         0x08005931   Thumb Code    18  stm32f4xx_rcc.o(.text)
    RCC_PLLSAICmd                            0x08005943   Thumb Code     6  stm32f4xx_rcc.o(.text)
    RCC_ClockSecuritySystemCmd               0x08005949   Thumb Code     6  stm32f4xx_rcc.o(.text)
    RCC_MCO1Config                           0x0800594f   Thumb Code    18  stm32f4xx_rcc.o(.text)
    RCC_MCO2Config                           0x08005961   Thumb Code    18  stm32f4xx_rcc.o(.text)
    RCC_SYSCLKConfig                         0x08005973   Thumb Code    16  stm32f4xx_rcc.o(.text)
    RCC_GetSYSCLKSource                      0x08005983   Thumb Code    12  stm32f4xx_rcc.o(.text)
    RCC_HCLKConfig                           0x0800598f   Thumb Code    16  stm32f4xx_rcc.o(.text)
    RCC_PCLK1Config                          0x0800599f   Thumb Code    16  stm32f4xx_rcc.o(.text)
    RCC_PCLK2Config                          0x080059af   Thumb Code    18  stm32f4xx_rcc.o(.text)
    RCC_GetClocksFreq                        0x080059c1   Thumb Code   134  stm32f4xx_rcc.o(.text)
    RCC_RTCCLKConfig                         0x08005a47   Thumb Code    42  stm32f4xx_rcc.o(.text)
    RCC_RTCCLKCmd                            0x08005a71   Thumb Code     8  stm32f4xx_rcc.o(.text)
    RCC_BackupResetCmd                       0x08005a79   Thumb Code     8  stm32f4xx_rcc.o(.text)
    RCC_I2SCLKConfig                         0x08005a81   Thumb Code     8  stm32f4xx_rcc.o(.text)
    RCC_SAIPLLI2SClkDivConfig                0x08005a89   Thumb Code    18  stm32f4xx_rcc.o(.text)
    RCC_SAIPLLSAIClkDivConfig                0x08005a9b   Thumb Code    24  stm32f4xx_rcc.o(.text)
    RCC_SAIBlockACLKConfig                   0x08005ab3   Thumb Code    16  stm32f4xx_rcc.o(.text)
    RCC_SAIBlockBCLKConfig                   0x08005ac3   Thumb Code    16  stm32f4xx_rcc.o(.text)
    RCC_LTDCCLKDivConfig                     0x08005ad3   Thumb Code    16  stm32f4xx_rcc.o(.text)
    RCC_TIMCLKPresConfig                     0x08005ae3   Thumb Code     8  stm32f4xx_rcc.o(.text)
    RCC_AHB1PeriphClockCmd                   0x08005aeb   Thumb Code    20  stm32f4xx_rcc.o(.text)
    RCC_AHB2PeriphClockCmd                   0x08005aff   Thumb Code    20  stm32f4xx_rcc.o(.text)
    RCC_AHB3PeriphClockCmd                   0x08005b13   Thumb Code    20  stm32f4xx_rcc.o(.text)
    RCC_APB1PeriphClockCmd                   0x08005b27   Thumb Code    20  stm32f4xx_rcc.o(.text)
    RCC_APB2PeriphClockCmd                   0x08005b3b   Thumb Code    20  stm32f4xx_rcc.o(.text)
    RCC_AHB1PeriphResetCmd                   0x08005b4f   Thumb Code    20  stm32f4xx_rcc.o(.text)
    RCC_AHB2PeriphResetCmd                   0x08005b63   Thumb Code    20  stm32f4xx_rcc.o(.text)
    RCC_AHB3PeriphResetCmd                   0x08005b77   Thumb Code    20  stm32f4xx_rcc.o(.text)
    RCC_APB1PeriphResetCmd                   0x08005b8b   Thumb Code    20  stm32f4xx_rcc.o(.text)
    RCC_APB2PeriphResetCmd                   0x08005b9f   Thumb Code    20  stm32f4xx_rcc.o(.text)
    RCC_AHB1PeriphClockLPModeCmd             0x08005bb3   Thumb Code    20  stm32f4xx_rcc.o(.text)
    RCC_AHB2PeriphClockLPModeCmd             0x08005bc7   Thumb Code    20  stm32f4xx_rcc.o(.text)
    RCC_AHB3PeriphClockLPModeCmd             0x08005bdb   Thumb Code    20  stm32f4xx_rcc.o(.text)
    RCC_APB1PeriphClockLPModeCmd             0x08005bef   Thumb Code    64  stm32f4xx_rcc.o(.text)
    RCC_APB2PeriphClockLPModeCmd             0x08005c2f   Thumb Code    18  stm32f4xx_rcc.o(.text)
    RCC_LSEModeConfig                        0x08005c41   Thumb Code    24  stm32f4xx_rcc.o(.text)
    RCC_ITConfig                             0x08005c59   Thumb Code    20  stm32f4xx_rcc.o(.text)
    RCC_ClearFlag                            0x08005c6d   Thumb Code    14  stm32f4xx_rcc.o(.text)
    RCC_GetITStatus                          0x08005c7b   Thumb Code    18  stm32f4xx_rcc.o(.text)
    RCC_ClearITPendingBit                    0x08005c8d   Thumb Code     8  stm32f4xx_rcc.o(.text)
    SYSCFG_DeInit                            0x08005c99   Thumb Code    24  stm32f4xx_syscfg.o(.text)
    SYSCFG_MemoryRemapConfig                 0x08005cb1   Thumb Code     6  stm32f4xx_syscfg.o(.text)
    SYSCFG_MemorySwappingBank                0x08005cb7   Thumb Code     6  stm32f4xx_syscfg.o(.text)
    SYSCFG_EXTILineConfig                    0x08005cbd   Thumb Code    42  stm32f4xx_syscfg.o(.text)
    SYSCFG_ETH_MediaInterfaceConfig          0x08005ce7   Thumb Code     8  stm32f4xx_syscfg.o(.text)
    SYSCFG_CompensationCellCmd               0x08005cef   Thumb Code     6  stm32f4xx_syscfg.o(.text)
    SYSCFG_GetCompensationCellStatus         0x08005cf5   Thumb Code    16  stm32f4xx_syscfg.o(.text)
    USART_DeInit                             0x08005d15   Thumb Code   138  stm32f4xx_usart.o(.text)
    USART_Init                               0x08005d9f   Thumb Code   164  stm32f4xx_usart.o(.text)
    USART_StructInit                         0x08005e43   Thumb Code    22  stm32f4xx_usart.o(.text)
    USART_ClockInit                          0x08005e59   Thumb Code    28  stm32f4xx_usart.o(.text)
    USART_ClockStructInit                    0x08005e75   Thumb Code    12  stm32f4xx_usart.o(.text)
    USART_Cmd                                0x08005e81   Thumb Code    20  stm32f4xx_usart.o(.text)
    USART_SetPrescaler                       0x08005e95   Thumb Code    16  stm32f4xx_usart.o(.text)
    USART_OverSampling8Cmd                   0x08005ea5   Thumb Code    20  stm32f4xx_usart.o(.text)
    USART_OneBitMethodCmd                    0x08005eb9   Thumb Code    20  stm32f4xx_usart.o(.text)
    USART_SendData                           0x08005ecd   Thumb Code     8  stm32f4xx_usart.o(.text)
    USART_ReceiveData                        0x08005ed5   Thumb Code     8  stm32f4xx_usart.o(.text)
    USART_SetAddress                         0x08005edd   Thumb Code    16  stm32f4xx_usart.o(.text)
    USART_ReceiverWakeUpCmd                  0x08005eed   Thumb Code    20  stm32f4xx_usart.o(.text)
    USART_WakeUpConfig                       0x08005f01   Thumb Code    16  stm32f4xx_usart.o(.text)
    USART_LINBreakDetectLengthConfig         0x08005f11   Thumb Code    16  stm32f4xx_usart.o(.text)
    USART_LINCmd                             0x08005f21   Thumb Code    20  stm32f4xx_usart.o(.text)
    USART_SendBreak                          0x08005f35   Thumb Code    10  stm32f4xx_usart.o(.text)
    USART_HalfDuplexCmd                      0x08005f3f   Thumb Code    20  stm32f4xx_usart.o(.text)
    USART_SetGuardTime                       0x08005f53   Thumb Code    16  stm32f4xx_usart.o(.text)
    USART_SmartCardCmd                       0x08005f63   Thumb Code    20  stm32f4xx_usart.o(.text)
    USART_SmartCardNACKCmd                   0x08005f77   Thumb Code    20  stm32f4xx_usart.o(.text)
    USART_IrDAConfig                         0x08005f8b   Thumb Code    16  stm32f4xx_usart.o(.text)
    USART_IrDACmd                            0x08005f9b   Thumb Code    20  stm32f4xx_usart.o(.text)
    USART_DMACmd                             0x08005faf   Thumb Code    16  stm32f4xx_usart.o(.text)
    USART_ITConfig                           0x08005fbf   Thumb Code    48  stm32f4xx_usart.o(.text)
    USART_GetFlagStatus                      0x08005fef   Thumb Code    14  stm32f4xx_usart.o(.text)
    USART_ClearFlag                          0x08005ffd   Thumb Code     6  stm32f4xx_usart.o(.text)
    USART_GetITStatus                        0x08006003   Thumb Code    62  stm32f4xx_usart.o(.text)
    USART_ClearITPendingBit                  0x08006041   Thumb Code    12  stm32f4xx_usart.o(.text)
    EXTI_DeInit                              0x0800606d   Thumb Code    28  stm32f4xx_exti.o(.text)
    EXTI_Init                                0x08006089   Thumb Code   108  stm32f4xx_exti.o(.text)
    EXTI_StructInit                          0x080060f5   Thumb Code    14  stm32f4xx_exti.o(.text)
    EXTI_GenerateSWInterrupt                 0x08006103   Thumb Code    12  stm32f4xx_exti.o(.text)
    EXTI_GetFlagStatus                       0x0800610f   Thumb Code    18  stm32f4xx_exti.o(.text)
    EXTI_ClearFlag                           0x08006121   Thumb Code     8  stm32f4xx_exti.o(.text)
    EXTI_GetITStatus                         0x08006129   Thumb Code    18  stm32f4xx_exti.o(.text)
    EXTI_ClearITPendingBit                   0x0800613b   Thumb Code     8  stm32f4xx_exti.o(.text)
    TIM_DeInit                               0x0800614d   Thumb Code   284  stm32f4xx_tim.o(.text)
    TIM_TimeBaseInit                         0x08006269   Thumb Code    96  stm32f4xx_tim.o(.text)
    TIM_TimeBaseStructInit                   0x080062c9   Thumb Code    18  stm32f4xx_tim.o(.text)
    TIM_PrescalerConfig                      0x080062db   Thumb Code     6  stm32f4xx_tim.o(.text)
    TIM_CounterModeConfig                    0x080062e1   Thumb Code    12  stm32f4xx_tim.o(.text)
    TIM_SetCounter                           0x080062ed   Thumb Code     4  stm32f4xx_tim.o(.text)
    TIM_SetAutoreload                        0x080062f1   Thumb Code     4  stm32f4xx_tim.o(.text)
    TIM_GetCounter                           0x080062f5   Thumb Code     4  stm32f4xx_tim.o(.text)
    TIM_GetPrescaler                         0x080062f9   Thumb Code     4  stm32f4xx_tim.o(.text)
    TIM_UpdateDisableConfig                  0x080062fd   Thumb Code    20  stm32f4xx_tim.o(.text)
    TIM_UpdateRequestConfig                  0x08006311   Thumb Code    20  stm32f4xx_tim.o(.text)
    TIM_ARRPreloadConfig                     0x08006325   Thumb Code    20  stm32f4xx_tim.o(.text)
    TIM_SelectOnePulseMode                   0x08006339   Thumb Code    16  stm32f4xx_tim.o(.text)
    TIM_SetClockDivision                     0x08006349   Thumb Code    16  stm32f4xx_tim.o(.text)
    TIM_Cmd                                  0x08006359   Thumb Code    20  stm32f4xx_tim.o(.text)
    TIM_OC1Init                              0x0800636d   Thumb Code    88  stm32f4xx_tim.o(.text)
    TIM_OC2Init                              0x080063c5   Thumb Code   120  stm32f4xx_tim.o(.text)
    TIM_OC3Init                              0x0800643d   Thumb Code   116  stm32f4xx_tim.o(.text)
    TIM_OC4Init                              0x080064b1   Thumb Code    88  stm32f4xx_tim.o(.text)
    TIM_OCStructInit                         0x08006509   Thumb Code    20  stm32f4xx_tim.o(.text)
    TIM_SelectOCxM                           0x0800651d   Thumb Code   130  stm32f4xx_tim.o(.text)
    TIM_SetCompare1                          0x0800659f   Thumb Code     4  stm32f4xx_tim.o(.text)
    TIM_SetCompare2                          0x080065a3   Thumb Code     4  stm32f4xx_tim.o(.text)
    TIM_SetCompare3                          0x080065a7   Thumb Code     4  stm32f4xx_tim.o(.text)
    TIM_SetCompare4                          0x080065ab   Thumb Code     4  stm32f4xx_tim.o(.text)
    TIM_ForcedOC1Config                      0x080065af   Thumb Code    12  stm32f4xx_tim.o(.text)
    TIM_ForcedOC2Config                      0x080065bb   Thumb Code    20  stm32f4xx_tim.o(.text)
    TIM_ForcedOC3Config                      0x080065cf   Thumb Code    12  stm32f4xx_tim.o(.text)
    TIM_ForcedOC4Config                      0x080065db   Thumb Code    20  stm32f4xx_tim.o(.text)
    TIM_OC1PreloadConfig                     0x080065ef   Thumb Code    12  stm32f4xx_tim.o(.text)
    TIM_OC2PreloadConfig                     0x080065fb   Thumb Code    20  stm32f4xx_tim.o(.text)
    TIM_OC3PreloadConfig                     0x0800660f   Thumb Code    12  stm32f4xx_tim.o(.text)
    TIM_OC4PreloadConfig                     0x0800661b   Thumb Code    20  stm32f4xx_tim.o(.text)
    TIM_OC1FastConfig                        0x0800662f   Thumb Code    12  stm32f4xx_tim.o(.text)
    TIM_OC2FastConfig                        0x0800663b   Thumb Code    20  stm32f4xx_tim.o(.text)
    TIM_OC3FastConfig                        0x0800664f   Thumb Code    12  stm32f4xx_tim.o(.text)
    TIM_OC4FastConfig                        0x0800665b   Thumb Code    20  stm32f4xx_tim.o(.text)
    TIM_ClearOC1Ref                          0x0800666f   Thumb Code    12  stm32f4xx_tim.o(.text)
    TIM_ClearOC2Ref                          0x0800667b   Thumb Code    20  stm32f4xx_tim.o(.text)
    TIM_ClearOC3Ref                          0x0800668f   Thumb Code    12  stm32f4xx_tim.o(.text)
    TIM_ClearOC4Ref                          0x0800669b   Thumb Code    20  stm32f4xx_tim.o(.text)
    TIM_OC1PolarityConfig                    0x080066af   Thumb Code    12  stm32f4xx_tim.o(.text)
    TIM_OC1NPolarityConfig                   0x080066bb   Thumb Code    12  stm32f4xx_tim.o(.text)
    TIM_OC2PolarityConfig                    0x080066c7   Thumb Code    20  stm32f4xx_tim.o(.text)
    TIM_OC2NPolarityConfig                   0x080066db   Thumb Code    20  stm32f4xx_tim.o(.text)
    TIM_OC3PolarityConfig                    0x080066ef   Thumb Code    20  stm32f4xx_tim.o(.text)
    TIM_OC3NPolarityConfig                   0x08006703   Thumb Code    20  stm32f4xx_tim.o(.text)
    TIM_OC4PolarityConfig                    0x08006717   Thumb Code    20  stm32f4xx_tim.o(.text)
    TIM_CCxCmd                               0x0800672b   Thumb Code    22  stm32f4xx_tim.o(.text)
    TIM_CCxNCmd                              0x08006741   Thumb Code    22  stm32f4xx_tim.o(.text)
    TIM_SetIC4Prescaler                      0x08006757   Thumb Code    24  stm32f4xx_tim.o(.text)
    TIM_SetIC3Prescaler                      0x0800676f   Thumb Code    16  stm32f4xx_tim.o(.text)
    TIM_SetIC2Prescaler                      0x0800677f   Thumb Code    24  stm32f4xx_tim.o(.text)
    TIM_SetIC1Prescaler                      0x080067cd   Thumb Code    16  stm32f4xx_tim.o(.text)
    TIM_ICInit                               0x080067dd   Thumb Code   164  stm32f4xx_tim.o(.text)
    TIM_ICStructInit                         0x08006881   Thumb Code    16  stm32f4xx_tim.o(.text)
    TIM_PWMIConfig                           0x08006891   Thumb Code   104  stm32f4xx_tim.o(.text)
    TIM_GetCapture1                          0x080068f9   Thumb Code     4  stm32f4xx_tim.o(.text)
    TIM_GetCapture2                          0x080068fd   Thumb Code     4  stm32f4xx_tim.o(.text)
    TIM_GetCapture3                          0x08006901   Thumb Code     4  stm32f4xx_tim.o(.text)
    TIM_GetCapture4                          0x08006905   Thumb Code     4  stm32f4xx_tim.o(.text)
    TIM_BDTRConfig                           0x08006909   Thumb Code    34  stm32f4xx_tim.o(.text)
    TIM_BDTRStructInit                       0x0800692b   Thumb Code    18  stm32f4xx_tim.o(.text)
    TIM_CtrlPWMOutputs                       0x0800693d   Thumb Code    22  stm32f4xx_tim.o(.text)
    TIM_SelectCOM                            0x08006953   Thumb Code    20  stm32f4xx_tim.o(.text)
    TIM_CCPreloadControl                     0x08006967   Thumb Code    20  stm32f4xx_tim.o(.text)
    TIM_ITConfig                             0x0800697b   Thumb Code    16  stm32f4xx_tim.o(.text)
    TIM_GenerateEvent                        0x0800698b   Thumb Code     4  stm32f4xx_tim.o(.text)
    TIM_GetFlagStatus                        0x0800698f   Thumb Code    14  stm32f4xx_tim.o(.text)
    TIM_ClearFlag                            0x0800699d   Thumb Code     6  stm32f4xx_tim.o(.text)
    TIM_GetITStatus                          0x080069a3   Thumb Code    24  stm32f4xx_tim.o(.text)
    TIM_ClearITPendingBit                    0x080069bb   Thumb Code     6  stm32f4xx_tim.o(.text)
    TIM_DMAConfig                            0x080069c1   Thumb Code     8  stm32f4xx_tim.o(.text)
    TIM_DMACmd                               0x080069c9   Thumb Code    16  stm32f4xx_tim.o(.text)
    TIM_SelectCCDMA                          0x080069d9   Thumb Code    20  stm32f4xx_tim.o(.text)
    TIM_InternalClockConfig                  0x080069ed   Thumb Code    10  stm32f4xx_tim.o(.text)
    TIM_SelectInputTrigger                   0x080069f7   Thumb Code    12  stm32f4xx_tim.o(.text)
    TIM_ITRxExternalClockConfig              0x08006a03   Thumb Code    18  stm32f4xx_tim.o(.text)
    TIM_TIxExternalClockConfig               0x08006a15   Thumb Code    46  stm32f4xx_tim.o(.text)
    TIM_ETRConfig                            0x08006a43   Thumb Code    24  stm32f4xx_tim.o(.text)
    TIM_ETRClockMode1Config                  0x08006a5b   Thumb Code    18  stm32f4xx_tim.o(.text)
    TIM_ETRClockMode2Config                  0x08006a6d   Thumb Code    18  stm32f4xx_tim.o(.text)
    TIM_SelectOutputTrigger                  0x08006a7f   Thumb Code    16  stm32f4xx_tim.o(.text)
    TIM_SelectSlaveMode                      0x08006a8f   Thumb Code    16  stm32f4xx_tim.o(.text)
    TIM_SelectMasterSlaveMode                0x08006a9f   Thumb Code    16  stm32f4xx_tim.o(.text)
    TIM_EncoderInterfaceConfig               0x08006aaf   Thumb Code    50  stm32f4xx_tim.o(.text)
    TIM_SelectHallSensor                     0x08006ae1   Thumb Code    20  stm32f4xx_tim.o(.text)
    TIM_RemapConfig                          0x08006af5   Thumb Code     6  stm32f4xx_tim.o(.text)
    VL53L0X_GetVersion                       0x08006b29   Thumb Code    22  vl53l0x_api.o(.text)
    VL53L0X_GetPalSpecVersion                0x08006b3f   Thumb Code    24  vl53l0x_api.o(.text)
    VL53L0X_GetProductRevision               0x08006b57   Thumb Code    28  vl53l0x_api.o(.text)
    VL53L0X_GetDeviceInfo                    0x08006b73   Thumb Code     4  vl53l0x_api.o(.text)
    VL53L0X_GetDeviceErrorStatus             0x08006b77   Thumb Code    24  vl53l0x_api.o(.text)
    VL53L0X_GetDeviceErrorString             0x08006b8f   Thumb Code     4  vl53l0x_api.o(.text)
    VL53L0X_GetRangeStatusString             0x08006b93   Thumb Code     4  vl53l0x_api.o(.text)
    VL53L0X_GetPalErrorString                0x08006b97   Thumb Code     4  vl53l0x_api.o(.text)
    VL53L0X_GetPalStateString                0x08006b9b   Thumb Code     4  vl53l0x_api.o(.text)
    VL53L0X_GetPalState                      0x08006b9f   Thumb Code    12  vl53l0x_api.o(.text)
    VL53L0X_GetVcselPulsePeriod              0x08006bab   Thumb Code     4  vl53l0x_api.o(.text)
    VL53L0X_SetMeasurementTimingBudgetMicroSeconds 0x08006baf   Thumb Code     4  vl53l0x_api.o(.text)
    VL53L0X_SetSequenceStepEnable            0x08006bb3   Thumb Code   172  vl53l0x_api.o(.text)
    VL53L0X_GetFractionEnable                0x08006c5f   Thumb Code    26  vl53l0x_api.o(.text)
    VL53L0X_GetMeasurementTimingBudgetMicroSeconds 0x08006c79   Thumb Code     4  vl53l0x_api.o(.text)
    VL53L0X_GetWrapAroundCheckEnable         0x08006c7d   Thumb Code    44  vl53l0x_api.o(.text)
    VL53L0X_GetLimitCheckEnable              0x08006ca9   Thumb Code    24  vl53l0x_api.o(.text)
    VL53L0X_GetLimitCheckValue               0x08006cc1   Thumb Code   130  vl53l0x_api.o(.text)
    VL53L0X_GetOffsetCalibrationDataMicroMeter 0x08006d43   Thumb Code     4  vl53l0x_api.o(.text)
    VL53L0X_GetXTalkCompensationRateMegaCps  0x08006d47   Thumb Code    44  vl53l0x_api.o(.text)
    VL53L0X_GetInterMeasurementPeriodMilliSeconds 0x08006d73   Thumb Code    54  vl53l0x_api.o(.text)
    VL53L0X_GetDeviceMode                    0x08006da9   Thumb Code    10  vl53l0x_api.o(.text)
    VL53L0X_GetDeviceParameters              0x08006db3   Thumb Code   126  vl53l0x_api.o(.text)
    VL53L0X_ClearInterruptMask               0x08006e31   Thumb Code    76  vl53l0x_api.o(.text)
    VL53L0X_SetGpioConfig                    0x08006e7d   Thumb Code   340  vl53l0x_api.o(.text)
    VL53L0X_StaticInit                       0x08006fd1   Thumb Code   368  vl53l0x_api.o(.text)
    VL53L0X_SetPowerMode                     0x08007141   Thumb Code    70  vl53l0x_api.o(.text)
    VL53L0X_GetPowerMode                     0x08007187   Thumb Code    36  vl53l0x_api.o(.text)
    VL53L0X_SetOffsetCalibrationDataMicroMeter 0x080071ab   Thumb Code     4  vl53l0x_api.o(.text)
    VL53L0X_SetLinearityCorrectiveGain       0x080071af   Thumb Code    34  vl53l0x_api.o(.text)
    VL53L0X_GetLinearityCorrectiveGain       0x080071d1   Thumb Code    12  vl53l0x_api.o(.text)
    VL53L0X_SetGroupParamHold                0x080071dd   Thumb Code     6  vl53l0x_api.o(.text)
    VL53L0X_GetUpperLimitMilliMeter          0x080071e3   Thumb Code     6  vl53l0x_api.o(.text)
    VL53L0X_GetTotalSignalRate               0x080071e9   Thumb Code    34  vl53l0x_api.o(.text)
    VL53L0X_SetDeviceAddress                 0x0800720b   Thumb Code     8  vl53l0x_api.o(.text)
    VL53L0X_SetLimitCheckValue               0x08007213   Thumb Code    80  vl53l0x_api.o(.text)
    VL53L0X_SetLimitCheckEnable              0x08007263   Thumb Code   126  vl53l0x_api.o(.text)
    VL53L0X_DataInit                         0x080072e1   Thumb Code   414  vl53l0x_api.o(.text)
    VL53L0X_SetTuningSettingBuffer           0x0800747f   Thumb Code    34  vl53l0x_api.o(.text)
    VL53L0X_GetTuningSettingBuffer           0x080074a1   Thumb Code    20  vl53l0x_api.o(.text)
    VL53L0X_WaitDeviceBooted                 0x080074b5   Thumb Code     6  vl53l0x_api.o(.text)
    VL53L0X_ResetDevice                      0x080074bb   Thumb Code    90  vl53l0x_api.o(.text)
    VL53L0X_SetWrapAroundCheckEnable         0x08007515   Thumb Code    70  vl53l0x_api.o(.text)
    VL53L0X_SetXTalkCompensationRateMegaCps  0x0800755b   Thumb Code    46  vl53l0x_api.o(.text)
    VL53L0X_SetInterMeasurementPeriodMilliSeconds 0x08007589   Thumb Code    48  vl53l0x_api.o(.text)
    VL53L0X_SetDeviceMode                    0x080075b9   Thumb Code    36  vl53l0x_api.o(.text)
    VL53L0X_SetDeviceParameters              0x080075dd   Thumb Code   116  vl53l0x_api.o(.text)
    VL53L0X_SetRangeFractionEnable           0x08007651   Thumb Code    24  vl53l0x_api.o(.text)
    VL53L0X_SetHistogramMode                 0x08007669   Thumb Code     6  vl53l0x_api.o(.text)
    VL53L0X_GetHistogramMode                 0x0800766f   Thumb Code     6  vl53l0x_api.o(.text)
    VL53L0X_SetVcselPulsePeriod              0x08007675   Thumb Code     4  vl53l0x_api.o(.text)
    sequence_step_enabled                    0x08007679   Thumb Code    56  vl53l0x_api.o(.text)
    VL53L0X_GetSequenceStepEnable            0x080076b1   Thumb Code    44  vl53l0x_api.o(.text)
    VL53L0X_GetSequenceStepEnables           0x080076dd   Thumb Code   114  vl53l0x_api.o(.text)
    VL53L0X_GetNumberOfSequenceSteps         0x0800774f   Thumb Code     8  vl53l0x_api.o(.text)
    VL53L0X_GetSequenceStepsInfo             0x08007757   Thumb Code     4  vl53l0x_api.o(.text)
    VL53L0X_SetSequenceStepTimeout           0x0800775b   Thumb Code    90  vl53l0x_api.o(.text)
    VL53L0X_GetSequenceStepTimeout           0x080077b5   Thumb Code    38  vl53l0x_api.o(.text)
    VL53L0X_SetXTalkCompensationEnable       0x080077db   Thumb Code    52  vl53l0x_api.o(.text)
    VL53L0X_GetXTalkCompensationEnable       0x0800780f   Thumb Code    10  vl53l0x_api.o(.text)
    VL53L0X_SetRefCalibration                0x08007819   Thumb Code     4  vl53l0x_api.o(.text)
    VL53L0X_GetRefCalibration                0x0800781d   Thumb Code     4  vl53l0x_api.o(.text)
    VL53L0X_GetNumberOfLimitCheck            0x08007821   Thumb Code    10  vl53l0x_api.o(.text)
    VL53L0X_GetLimitCheckInfo                0x0800782b   Thumb Code     4  vl53l0x_api.o(.text)
    VL53L0X_GetLimitCheckStatus              0x0800782f   Thumb Code    22  vl53l0x_api.o(.text)
    VL53L0X_GetLimitCheckCurrent             0x08007845   Thumb Code    68  vl53l0x_api.o(.text)
    VL53L0X_SetDmaxCalParameters             0x08007889   Thumb Code    46  vl53l0x_api.o(.text)
    VL53L0X_GetDmaxCalParameters             0x080078b7   Thumb Code    20  vl53l0x_api.o(.text)
    VL53L0X_GetInterruptThresholds           0x080078cb   Thumb Code    52  vl53l0x_api.o(.text)
    VL53L0X_CheckAndLoadInterruptSettings    0x080078ff   Thumb Code   122  vl53l0x_api.o(.text)
    VL53L0X_StartMeasurement                 0x08007979   Thumb Code   210  vl53l0x_api.o(.text)
    VL53L0X_PerformSingleMeasurement         0x08007a4b   Thumb Code    34  vl53l0x_api.o(.text)
    VL53L0X_PerformSingleHistogramMeasurement 0x08007a6d   Thumb Code     6  vl53l0x_api.o(.text)
    VL53L0X_PerformRefCalibration            0x08007a73   Thumb Code     6  vl53l0x_api.o(.text)
    VL53L0X_PerformXTalkMeasurement          0x08007a79   Thumb Code     6  vl53l0x_api.o(.text)
    VL53L0X_PerformXTalkCalibration          0x08007a7f   Thumb Code     4  vl53l0x_api.o(.text)
    VL53L0X_PerformOffsetCalibration         0x08007a83   Thumb Code     4  vl53l0x_api.o(.text)
    VL53L0X_StopMeasurement                  0x08007a87   Thumb Code    84  vl53l0x_api.o(.text)
    VL53L0X_GetInterruptMaskStatus           0x08007adb   Thumb Code    34  vl53l0x_api.o(.text)
    VL53L0X_GetMeasurementDataReady          0x08007afd   Thumb Code    58  vl53l0x_api.o(.text)
    VL53L0X_WaitDeviceReadyForNewMeasurement 0x08007b37   Thumb Code     6  vl53l0x_api.o(.text)
    VL53L0X_GetRangingMeasurementData        0x08007b3d   Thumb Code   298  vl53l0x_api.o(.text)
    VL53L0X_GetMeasurementRefSignal          0x08007c67   Thumb Code    42  vl53l0x_api.o(.text)
    VL53L0X_GetHistogramMeasurementData      0x08007c91   Thumb Code     6  vl53l0x_api.o(.text)
    VL53L0X_PerformSingleRangingMeasurement  0x08007c97   Thumb Code    52  vl53l0x_api.o(.text)
    VL53L0X_SetNumberOfROIZones              0x08007ccb   Thumb Code    10  vl53l0x_api.o(.text)
    VL53L0X_GetNumberOfROIZones              0x08007cd5   Thumb Code     8  vl53l0x_api.o(.text)
    VL53L0X_GetMaxNumberOfROIZones           0x08007cdd   Thumb Code     8  vl53l0x_api.o(.text)
    VL53L0X_GetGpioConfig                    0x08007ce5   Thumb Code   122  vl53l0x_api.o(.text)
    VL53L0X_SetInterruptThresholds           0x08007d5f   Thumb Code    38  vl53l0x_api.o(.text)
    VL53L0X_GetStopCompletedStatus           0x08007d85   Thumb Code   130  vl53l0x_api.o(.text)
    VL53L0X_EnableInterruptMask              0x08007e07   Thumb Code     6  vl53l0x_api.o(.text)
    VL53L0X_SetSpadAmbientDamperThreshold    0x08007e0d   Thumb Code    42  vl53l0x_api.o(.text)
    VL53L0X_GetSpadAmbientDamperThreshold    0x08007e37   Thumb Code    42  vl53l0x_api.o(.text)
    VL53L0X_SetSpadAmbientDamperFactor       0x08007e61   Thumb Code    44  vl53l0x_api.o(.text)
    VL53L0X_GetSpadAmbientDamperFactor       0x08007e8d   Thumb Code    48  vl53l0x_api.o(.text)
    VL53L0X_SetReferenceSpads                0x08007ebd   Thumb Code     4  vl53l0x_api.o(.text)
    VL53L0X_GetReferenceSpads                0x08007ec1   Thumb Code     4  vl53l0x_api.o(.text)
    VL53L0X_PerformRefSpadManagement         0x08007ec5   Thumb Code     4  vl53l0x_api.o(.text)
    VL53L0X_perform_xtalk_calibration        0x08007ec9   Thumb Code   218  vl53l0x_api_calibration.o(.text)
    VL53L0X_perform_offset_calibration       0x08007fa3   Thumb Code   198  vl53l0x_api_calibration.o(.text)
    VL53L0X_set_offset_calibration_data_micro_meter 0x08008069   Thumb Code    52  vl53l0x_api_calibration.o(.text)
    VL53L0X_get_offset_calibration_data_micro_meter 0x0800809d   Thumb Code    52  vl53l0x_api_calibration.o(.text)
    VL53L0X_apply_offset_adjustment          0x080080d1   Thumb Code    50  vl53l0x_api_calibration.o(.text)
    get_next_good_spad                       0x08008103   Thumb Code    82  vl53l0x_api_calibration.o(.text)
    is_aperture                              0x08008155   Thumb Code    20  vl53l0x_api_calibration.o(.text)
    enable_spad_bit                          0x08008169   Thumb Code    42  vl53l0x_api_calibration.o(.text)
    count_enabled_spads                      0x08008193   Thumb Code   142  vl53l0x_api_calibration.o(.text)
    set_ref_spad_map                         0x08008221   Thumb Code    10  vl53l0x_api_calibration.o(.text)
    get_ref_spad_map                         0x0800822b   Thumb Code    10  vl53l0x_api_calibration.o(.text)
    enable_ref_spads                         0x08008235   Thumb Code   142  vl53l0x_api_calibration.o(.text)
    perform_ref_signal_measurement           0x080082c3   Thumb Code   100  vl53l0x_api_calibration.o(.text)
    VL53L0X_ref_calibration_io               0x08008327   Thumb Code   180  vl53l0x_api_calibration.o(.text)
    VL53L0X_perform_single_ref_calibration   0x080083db   Thumb Code    56  vl53l0x_api_calibration.o(.text)
    VL53L0X_perform_phase_calibration        0x08008413   Thumb Code   128  vl53l0x_api_calibration.o(.text)
    VL53L0X_perform_vhv_calibration          0x08008493   Thumb Code   112  vl53l0x_api_calibration.o(.text)
    VL53L0X_perform_ref_calibration          0x08008503   Thumb Code    64  vl53l0x_api_calibration.o(.text)
    VL53L0X_perform_ref_spad_management      0x08008543   Thumb Code   560  vl53l0x_api_calibration.o(.text)
    VL53L0X_set_reference_spads              0x08008773   Thumb Code   166  vl53l0x_api_calibration.o(.text)
    VL53L0X_get_reference_spads              0x08008819   Thumb Code   110  vl53l0x_api_calibration.o(.text)
    VL53L0X_set_ref_calibration              0x08008887   Thumb Code    32  vl53l0x_api_calibration.o(.text)
    VL53L0X_get_ref_calibration              0x080088a7   Thumb Code    26  vl53l0x_api_calibration.o(.text)
    VL53L0X_reverse_bytes                    0x080088c1   Thumb Code    32  vl53l0x_api_core.o(.text)
    VL53L0X_measurement_poll_for_completion  0x080088e1   Thumb Code    54  vl53l0x_api_core.o(.text)
    VL53L0X_decode_vcsel_period              0x08008917   Thumb Code     8  vl53l0x_api_core.o(.text)
    VL53L0X_encode_vcsel_period              0x0800891f   Thumb Code    10  vl53l0x_api_core.o(.text)
    VL53L0X_isqrt                            0x08008929   Thumb Code    42  vl53l0x_api_core.o(.text)
    VL53L0X_quadrature_sum                   0x08008953   Thumb Code    26  vl53l0x_api_core.o(.text)
    VL53L0X_device_read_strobe               0x0800896d   Thumb Code    72  vl53l0x_api_core.o(.text)
    VL53L0X_get_info_from_device             0x080089b5   Thumb Code  1324  vl53l0x_api_core.o(.text)
    VL53L0X_calc_macro_period_ps             0x08008ee1   Thumb Code    16  vl53l0x_api_core.o(.text)
    VL53L0X_encode_timeout                   0x08008ef1   Thumb Code    30  vl53l0x_api_core.o(.text)
    VL53L0X_decode_timeout                   0x08008f0f   Thumb Code    10  vl53l0x_api_core.o(.text)
    VL53L0X_calc_timeout_mclks               0x08008f19   Thumb Code    34  vl53l0x_api_core.o(.text)
    VL53L0X_calc_timeout_us                  0x08008f3b   Thumb Code    34  vl53l0x_api_core.o(.text)
    get_sequence_step_timeout                0x08008f5d   Thumb Code   242  vl53l0x_api_core.o(.text)
    set_sequence_step_timeout                0x0800904f   Thumb Code   258  vl53l0x_api_core.o(.text)
    VL53L0X_set_vcsel_pulse_period           0x08009151   Thumb Code   576  vl53l0x_api_core.o(.text)
    VL53L0X_get_vcsel_pulse_period           0x08009391   Thumb Code    48  vl53l0x_api_core.o(.text)
    VL53L0X_set_measurement_timing_budget_micro_seconds 0x080093c1   Thumb Code   194  vl53l0x_api_core.o(.text)
    VL53L0X_get_measurement_timing_budget_micro_seconds 0x08009483   Thumb Code   196  vl53l0x_api_core.o(.text)
    VL53L0X_load_tuning_settings             0x08009547   Thumb Code   154  vl53l0x_api_core.o(.text)
    VL53L0X_get_total_xtalk_rate             0x080095e1   Thumb Code    46  vl53l0x_api_core.o(.text)
    VL53L0X_get_total_signal_rate            0x0800960f   Thumb Code    28  vl53l0x_api_core.o(.text)
    VL53L0X_calc_dmax                        0x0800962b   Thumb Code   208  vl53l0x_api_core.o(.text)
    VL53L0X_calc_sigma_estimate              0x080096fb   Thumb Code   536  vl53l0x_api_core.o(.text)
    VL53L0X_get_pal_range_status             0x08009913   Thumb Code   500  vl53l0x_api_core.o(.text)
    VL53L0X_check_part_used                  0x08009b09   Thumb Code    60  vl53l0x_api_strings.o(.text)
    VL53L0X_get_device_info                  0x08009b45   Thumb Code   108  vl53l0x_api_strings.o(.text)
    VL53L0X_get_device_error_string          0x08009bb1   Thumb Code   102  vl53l0x_api_strings.o(.text)
    VL53L0X_get_range_status_string          0x08009c17   Thumb Code    56  vl53l0x_api_strings.o(.text)
    VL53L0X_get_pal_error_string             0x08009c4f   Thumb Code   176  vl53l0x_api_strings.o(.text)
    VL53L0X_get_pal_state_string             0x08009cff   Thumb Code  1050  vl53l0x_api_strings.o(.text)
    VL53L0X_get_sequence_steps_info          0x0800a119   Thumb Code    54  vl53l0x_api_strings.o(.text)
    VL53L0X_get_limit_check_info             0x0800a14f   Thumb Code    56  vl53l0x_api_strings.o(.text)
    VL53L0X_i2c_init                         0x0800a285   Thumb Code    58  vl53l0x_i2c.o(.text)
    VL_IIC_Start                             0x0800a2bf   Thumb Code    56  vl53l0x_i2c.o(.text)
    VL_IIC_Stop                              0x0800a2f7   Thumb Code    58  vl53l0x_i2c.o(.text)
    VL_IIC_Wait_Ack                          0x0800a331   Thumb Code    74  vl53l0x_i2c.o(.text)
    VL_IIC_Ack                               0x0800a37b   Thumb Code    56  vl53l0x_i2c.o(.text)
    VL_IIC_NAck                              0x0800a3b3   Thumb Code    56  vl53l0x_i2c.o(.text)
    VL_IIC_Send_Byte                         0x0800a3eb   Thumb Code    94  vl53l0x_i2c.o(.text)
    VL_IIC_Read_Byte                         0x0800a449   Thumb Code    96  vl53l0x_i2c.o(.text)
    VL_IIC_Write_1Byte                       0x0800a4a9   Thumb Code    60  vl53l0x_i2c.o(.text)
    VL_IIC_Read_1Byte                        0x0800a4e5   Thumb Code    74  vl53l0x_i2c.o(.text)
    VL_IIC_Write_nByte                       0x0800a52f   Thumb Code    66  vl53l0x_i2c.o(.text)
    VL_IIC_Read_nByte                        0x0800a571   Thumb Code    98  vl53l0x_i2c.o(.text)
    VL53L0X_write_multi                      0x0800a5d3   Thumb Code    22  vl53l0x_i2c.o(.text)
    VL53L0X_read_multi                       0x0800a5e9   Thumb Code    22  vl53l0x_i2c.o(.text)
    VL53L0X_write_byte                       0x0800a5ff   Thumb Code    12  vl53l0x_i2c.o(.text)
    VL53L0X_write_word                       0x0800a60b   Thumb Code    50  vl53l0x_i2c.o(.text)
    VL53L0X_write_dword                      0x0800a63d   Thumb Code    34  vl53l0x_i2c.o(.text)
    VL53L0X_read_byte                        0x0800a65f   Thumb Code     4  vl53l0x_i2c.o(.text)
    VL53L0X_read_word                        0x0800a663   Thumb Code    28  vl53l0x_i2c.o(.text)
    VL53L0X_read_dword                       0x0800a67f   Thumb Code    54  vl53l0x_i2c.o(.text)
    VL53L0X_WriteMulti                       0x0800a6b5   Thumb Code    30  vl53l0x_platform.o(.text)
    VL53L0X_ReadMulti                        0x0800a6d3   Thumb Code    30  vl53l0x_platform.o(.text)
    VL53L0X_WrByte                           0x0800a6f1   Thumb Code    22  vl53l0x_platform.o(.text)
    VL53L0X_WrWord                           0x0800a707   Thumb Code    22  vl53l0x_platform.o(.text)
    VL53L0X_WrDWord                          0x0800a71d   Thumb Code    22  vl53l0x_platform.o(.text)
    VL53L0X_UpdateByte                       0x0800a733   Thumb Code    66  vl53l0x_platform.o(.text)
    VL53L0X_RdByte                           0x0800a775   Thumb Code    22  vl53l0x_platform.o(.text)
    VL53L0X_RdWord                           0x0800a78b   Thumb Code    22  vl53l0x_platform.o(.text)
    VL53L0X_RdDWord                          0x0800a7a1   Thumb Code    22  vl53l0x_platform.o(.text)
    VL53L0X_PollingDelay                     0x0800a7b7   Thumb Code    18  vl53l0x_platform.o(.text)
    print_pal_error                          0x0800a7c9   Thumb Code    26  vl53l0x.o(.text)
    mode_string                              0x0800a7e3   Thumb Code    38  vl53l0x.o(.text)
    vl53l0x_Addr_set                         0x0800a809   Thumb Code   120  vl53l0x.o(.text)
    vl53l0x_reset                            0x0800a881   Thumb Code    60  vl53l0x.o(.text)
    vl53l0x_init                             0x0800a8bd   Thumb Code   166  vl53l0x.o(.text)
    vl53l0x_mtest_ui                         0x0800a963   Thumb Code    24  vl53l0x.o(.text)
    vl53l0x_test                             0x0800a97b   Thumb Code   124  vl53l0x.o(.text)
    vl53l0x_info                             0x0800a9f7   Thumb Code    68  vl53l0x.o(.text)
    One_measurement                          0x0800aa3b   Thumb Code    32  vl53l0x.o(.text)
    vl53l0x_set_mode                         0x0800ac19   Thumb Code   328  vl53l0x_gen.o(.text)
    vl53l0x_start_single_test                0x0800ad61   Thumb Code    46  vl53l0x_gen.o(.text)
    vl53l0x_general_start                    0x0800ad8f   Thumb Code   184  vl53l0x_gen.o(.text)
    general_ui                               0x0800ae47   Thumb Code    30  vl53l0x_gen.o(.text)
    vl53l0x_general_test                     0x0800ae65   Thumb Code   134  vl53l0x_gen.o(.text)
    EXTI9_5_IRQHandler                       0x0800aff5   Thumb Code    12  vl53l0x_it.o(.text)
    vl53l0x_interrupt_start                  0x0800b001   Thumb Code   734  vl53l0x_it.o(.text)
    interrupt_ui                             0x0800b2df   Thumb Code   112  vl53l0x_it.o(.text)
    vl53l0x_interrupt_test                   0x0800b34f   Thumb Code   502  vl53l0x_it.o(.text)
    usmart_sys_cmd_exe                       0x0800b5b9   Thumb Code  1442  usmart.o(.text)
    usmart_reset_runtime                     0x0800bb5b   Thumb Code    40  usmart.o(.text)
    usmart_get_runtime                       0x0800bb83   Thumb Code    48  usmart.o(.text)
    TIM4_IRQHandler                          0x0800bbb3   Thumb Code    50  usmart.o(.text)
    Timer4_Init                              0x0800bbe5   Thumb Code    88  usmart.o(.text)
    usmart_init                              0x0800bc3d   Thumb Code    36  usmart.o(.text)
    usmart_cmd_rec                           0x0800bc61   Thumb Code   144  usmart.o(.text)
    usmart_exe                               0x0800bcf1   Thumb Code   768  usmart.o(.text)
    usmart_scan                              0x0800bff1   Thumb Code    92  usmart.o(.text)
    read_addr                                0x0800c04d   Thumb Code     4  usmart.o(.text)
    write_addr                               0x0800c051   Thumb Code     4  usmart.o(.text)
    usmart_strcmp                            0x0800c0cd   Thumb Code    24  usmart_str.o(.text)
    usmart_strcopy                           0x0800c0e5   Thumb Code    18  usmart_str.o(.text)
    usmart_strlen                            0x0800c0f7   Thumb Code    18  usmart_str.o(.text)
    usmart_pow                               0x0800c109   Thumb Code    16  usmart_str.o(.text)
    usmart_str2num                           0x0800c119   Thumb Code   158  usmart_str.o(.text)
    usmart_get_cmdname                       0x0800c1b7   Thumb Code    46  usmart_str.o(.text)
    usmart_search_nextc                      0x0800c1e5   Thumb Code    16  usmart_str.o(.text)
    usmart_get_fname                         0x0800c1f5   Thumb Code   356  usmart_str.o(.text)
    usmart_get_aparm                         0x0800c359   Thumb Code   156  usmart_str.o(.text)
    usmart_get_parmpos                       0x0800c3f5   Thumb Code    30  usmart_str.o(.text)
    usmart_get_fparam                        0x0800c413   Thumb Code   206  usmart_str.o(.text)
    __use_no_semihosting                     0x0800c4ed   Thumb Code     2  use_no_semi_2.o(.text)
    __2printf                                0x0800c4f1   Thumb Code    20  noretval__2printf.o(.text)
    __2sprintf                               0x0800c509   Thumb Code    34  noretval__2sprintf.o(.text)
    _printf_pre_padding                      0x0800c531   Thumb Code    44  _printf_pad.o(.text)
    _printf_post_padding                     0x0800c55d   Thumb Code    34  _printf_pad.o(.text)
    _printf_str                              0x0800c57f   Thumb Code    82  _printf_str.o(.text)
    _printf_int_dec                          0x0800c5d1   Thumb Code   104  _printf_dec.o(.text)
    _printf_int_hex                          0x0800c649   Thumb Code    84  _printf_hex_int.o(.text)
    _printf_longlong_hex                     0x0800c649   Thumb Code     0  _printf_hex_int.o(.text)
    __printf                                 0x0800c6a1   Thumb Code   388  __printf_flags_ss_wp.o(.text)
    strcpy                                   0x0800c829   Thumb Code    72  strcpy.o(.text)
    __aeabi_memcpy4                          0x0800c871   Thumb Code     0  rt_memcpy_w.o(.text)
    __aeabi_memcpy8                          0x0800c871   Thumb Code     0  rt_memcpy_w.o(.text)
    __rt_memcpy_w                            0x0800c871   Thumb Code   100  rt_memcpy_w.o(.text)
    _memcpy_lastbytes_aligned                0x0800c8b9   Thumb Code     0  rt_memcpy_w.o(.text)
    __aeabi_memclr                           0x0800c8d5   Thumb Code     0  rt_memclr.o(.text)
    __rt_memclr                              0x0800c8d5   Thumb Code    68  rt_memclr.o(.text)
    _memset                                  0x0800c8d9   Thumb Code     0  rt_memclr.o(.text)
    __aeabi_memclr4                          0x0800c919   Thumb Code     0  rt_memclr_w.o(.text)
    __aeabi_memclr8                          0x0800c919   Thumb Code     0  rt_memclr_w.o(.text)
    __rt_memclr_w                            0x0800c919   Thumb Code    78  rt_memclr_w.o(.text)
    _memset_w                                0x0800c91d   Thumb Code     0  rt_memclr_w.o(.text)
    __use_two_region_memory                  0x0800c967   Thumb Code     2  heapauxi.o(.text)
    __rt_heap_escrow$2region                 0x0800c969   Thumb Code     2  heapauxi.o(.text)
    __rt_heap_expand$2region                 0x0800c96b   Thumb Code     2  heapauxi.o(.text)
    __I$use$semihosting                      0x0800c96d   Thumb Code     0  use_no_semi.o(.text)
    __use_no_semihosting_swi                 0x0800c96d   Thumb Code     2  use_no_semi.o(.text)
    _printf_int_common                       0x0800c96f   Thumb Code   178  _printf_intcommon.o(.text)
    _printf_char_common                      0x0800ca2b   Thumb Code    32  _printf_char_common.o(.text)
    _sputc                                   0x0800ca51   Thumb Code    10  _sputc.o(.text)
    _printf_cs_common                        0x0800ca5b   Thumb Code    20  _printf_char.o(.text)
    _printf_char                             0x0800ca6f   Thumb Code    16  _printf_char.o(.text)
    _printf_string                           0x0800ca7f   Thumb Code     8  _printf_char.o(.text)
    _printf_char_file                        0x0800ca89   Thumb Code    32  _printf_char_file.o(.text)
    ferror                                   0x0800caad   Thumb Code     8  ferror.o(.text)
    __user_setup_stackheap                   0x0800cab5   Thumb Code    74  sys_stackheap_outer.o(.text)
    exit                                     0x0800caff   Thumb Code    12  exit.o(.text)
    __user_libspace                          0x0800cb0d   Thumb Code     8  libspace.o(.text)
    __user_perproc_libspace                  0x0800cb0d   Thumb Code     0  libspace.o(.text)
    __user_perthread_libspace                0x0800cb0d   Thumb Code     0  libspace.o(.text)
    _is_digit                                0x0800cb15   Thumb Code    14  __printf_wp.o(i._is_digit)
    __aeabi_d2uiz                            0x0800cb25   Thumb Code     0  dfixu.o(x$fpl$dfixu)
    _dfixu                                   0x0800cb25   Thumb Code    90  dfixu.o(x$fpl$dfixu)
    __aeabi_ui2d                             0x0800cb7f   Thumb Code     0  dflt_clz.o(x$fpl$dfltu)
    _dfltu                                   0x0800cb7f   Thumb Code    38  dflt_clz.o(x$fpl$dfltu)
    __aeabi_dmul                             0x0800cba5   Thumb Code     0  dmul.o(x$fpl$dmul)
    _dmul                                    0x0800cba5   Thumb Code   332  dmul.o(x$fpl$dmul)
    __fpl_dnaninf                            0x0800ccf9   Thumb Code   156  dnaninf.o(x$fpl$dnaninf)
    __fpl_dretinf                            0x0800cd95   Thumb Code    12  dretinf.o(x$fpl$dretinf)
    _fp_init                                 0x0800cda1   Thumb Code    10  fpinit.o(x$fpl$fpinit)
    __fplib_config_fpu_vfp                   0x0800cda9   Thumb Code     0  fpinit.o(x$fpl$fpinit)
    __fplib_config_pureend_doubles           0x0800cda9   Thumb Code     0  fpinit.o(x$fpl$fpinit)
    __I$use$fp                               0x0800cdaa   Number         0  usenofp.o(x$fpl$usenofp)
    asc2_1206                                0x0800cdaa   Data        1140  lcd.o(.constdata)
    asc2_1608                                0x0800d21e   Data        1520  lcd.o(.constdata)
    asc2_2412                                0x0800d80e   Data        3420  lcd.o(.constdata)
    FSMC_DefaultTimingStruct                 0x0800e56c   Data          28  stm32f4xx_fsmc.o(.constdata)
    Region$$Table$$Base                      0x0800e6c0   Number         0  anon$$obj.o(Region$$Table)
    Region$$Table$$Limit                     0x0800e6e0   Number         0  anon$$obj.o(Region$$Table)
    SystemCoreClock                          0x20000000   Data           4  system_stm32f4xx.o(.data)
    AHBPrescTable                            0x20000004   Data          16  system_stm32f4xx.o(.data)
    POINT_COLOR                              0x20000014   Data           2  lcd.o(.data)
    BACK_COLOR                               0x20000016   Data           2  lcd.o(.data)
    USART_RX_STA                             0x2000001e   Data           2  usart.o(.data)
    __stdout                                 0x20000020   Data           4  usart.o(.data)
    DefaultTuningSettings                    0x20000034   Data         243  vl53l0x_api.o(.data)
    InterruptThresholdSettings               0x20000127   Data         438  vl53l0x_api.o(.data)
    refArrayQuadrants                        0x200002e0   Data          16  vl53l0x_api_calibration.o(.data)
    AjustOK                                  0x200002f0   Data           1  vl53l0x.o(.data)
    Mode_data                                0x200002f1   Data          56  vl53l0x.o(.data)
    Distance_data                            0x2000032a   Data           2  vl53l0x_gen.o(.data)
    alarm_flag                               0x2000032c   Data           1  vl53l0x_it.o(.data)
    AlarmModes                               0x20000330   Data          12  vl53l0x_it.o(.data)
    sys_cmd_tab                              0x2000033c   Data          28  usmart.o(.data)
    usmart_nametab                           0x20000358   Data          48  usmart_config.o(.data)
    usmart_dev                               0x20000388   Data         244  usmart_config.o(.data)
    lcddev                                   0x2000047c   Data          14  lcd.o(.bss)
    USART_RX_BUF                             0x2000048a   Data         200  usart.o(.bss)
    vl53l0x_dev                              0x20000554   Data         352  vl53l0x.o(.bss)
    vl53l0x_dev_info                         0x200006b4   Data          99  vl53l0x.o(.bss)
    Vl53l0x_adjust                           0x20000717   Data          24  vl53l0x_cali.o(.bss)
    Vl53l0x_data                             0x2000072f   Data          24  vl53l0x_cali.o(.bss)
    vl53l0x_data                             0x20000768   Data          28  vl53l0x_gen.o(.bss)
    __libspace_start                         0x200007a4   Data          96  libspace.o(.bss)
    __temporary_stack_top$libspace           0x20000804   Data           0  libspace.o(.bss)



==============================================================================

Memory Map of the image

  Image Entry point : 0x08000189

  Load Region LR_IROM1 (Base: 0x08000000, Size: 0x0000eb5c, Max: 0x00100000, ABSOLUTE, COMPRESSED[0x0000ea08])

    Execution Region ER_IROM1 (Base: 0x08000000, Size: 0x0000e6e0, Max: 0x00100000, ABSOLUTE)

    Base Addr    Size         Type   Attr      Idx    E Section Name        Object

    0x08000000   0x00000188   Data   RO          475    RESET               startup_stm32f40_41xxx.o
    0x08000188   0x00000008   Code   RO         1098  * !!!main             c_w.l(__main.o)
    0x08000190   0x00000034   Code   RO         1288    !!!scatter          c_w.l(__scatter.o)
    0x080001c4   0x0000005a   Code   RO         1286    !!dczerorl2         c_w.l(__dczerorl2.o)
    0x0800021e   0x00000002   PAD
    0x08000220   0x0000001c   Code   RO         1290    !!handler_zi        c_w.l(__scatter_zi.o)
    0x0800023c   0x00000000   Code   RO         1085    .ARM.Collect$$_printf_percent$$00000000  c_w.l(_printf_percent.o)
    0x0800023c   0x00000006   Code   RO         1082    .ARM.Collect$$_printf_percent$$00000008  c_w.l(_printf_i.o)
    0x08000242   0x00000006   Code   RO         1083    .ARM.Collect$$_printf_percent$$00000009  c_w.l(_printf_d.o)
    0x08000248   0x00000006   Code   RO         1084    .ARM.Collect$$_printf_percent$$0000000A  c_w.l(_printf_u.o)
    0x0800024e   0x00000006   Code   RO         1081    .ARM.Collect$$_printf_percent$$0000000C  c_w.l(_printf_x.o)
    0x08000254   0x00000006   Code   RO         1079    .ARM.Collect$$_printf_percent$$00000013  c_w.l(_printf_c.o)
    0x0800025a   0x00000006   Code   RO         1080    .ARM.Collect$$_printf_percent$$00000014  c_w.l(_printf_s.o)
    0x08000260   0x00000004   Code   RO         1125    .ARM.Collect$$_printf_percent$$00000017  c_w.l(_printf_percent_end.o)
    0x08000264   0x00000002   Code   RO         1161    .ARM.Collect$$libinit$$00000000  c_w.l(libinit.o)
    0x08000266   0x00000004   Code   RO         1167    .ARM.Collect$$libinit$$00000001  c_w.l(libinit2.o)
    0x0800026a   0x00000000   Code   RO         1170    .ARM.Collect$$libinit$$00000004  c_w.l(libinit2.o)
    0x0800026a   0x00000000   Code   RO         1173    .ARM.Collect$$libinit$$0000000A  c_w.l(libinit2.o)
    0x0800026a   0x00000000   Code   RO         1175    .ARM.Collect$$libinit$$0000000C  c_w.l(libinit2.o)
    0x0800026a   0x00000000   Code   RO         1177    .ARM.Collect$$libinit$$0000000E  c_w.l(libinit2.o)
    0x0800026a   0x00000000   Code   RO         1180    .ARM.Collect$$libinit$$00000011  c_w.l(libinit2.o)
    0x0800026a   0x00000000   Code   RO         1182    .ARM.Collect$$libinit$$00000013  c_w.l(libinit2.o)
    0x0800026a   0x00000000   Code   RO         1184    .ARM.Collect$$libinit$$00000015  c_w.l(libinit2.o)
    0x0800026a   0x00000000   Code   RO         1186    .ARM.Collect$$libinit$$00000017  c_w.l(libinit2.o)
    0x0800026a   0x00000000   Code   RO         1188    .ARM.Collect$$libinit$$00000019  c_w.l(libinit2.o)
    0x0800026a   0x00000000   Code   RO         1190    .ARM.Collect$$libinit$$0000001B  c_w.l(libinit2.o)
    0x0800026a   0x00000000   Code   RO         1192    .ARM.Collect$$libinit$$0000001D  c_w.l(libinit2.o)
    0x0800026a   0x00000000   Code   RO         1194    .ARM.Collect$$libinit$$0000001F  c_w.l(libinit2.o)
    0x0800026a   0x00000000   Code   RO         1196    .ARM.Collect$$libinit$$00000021  c_w.l(libinit2.o)
    0x0800026a   0x00000000   Code   RO         1198    .ARM.Collect$$libinit$$00000023  c_w.l(libinit2.o)
    0x0800026a   0x00000000   Code   RO         1200    .ARM.Collect$$libinit$$00000025  c_w.l(libinit2.o)
    0x0800026a   0x00000000   Code   RO         1204    .ARM.Collect$$libinit$$0000002C  c_w.l(libinit2.o)
    0x0800026a   0x00000000   Code   RO         1206    .ARM.Collect$$libinit$$0000002E  c_w.l(libinit2.o)
    0x0800026a   0x00000000   Code   RO         1208    .ARM.Collect$$libinit$$00000030  c_w.l(libinit2.o)
    0x0800026a   0x00000000   Code   RO         1210    .ARM.Collect$$libinit$$00000032  c_w.l(libinit2.o)
    0x0800026a   0x00000002   Code   RO         1211    .ARM.Collect$$libinit$$00000033  c_w.l(libinit2.o)
    0x0800026c   0x00000002   Code   RO         1229    .ARM.Collect$$libshutdown$$00000000  c_w.l(libshutdown.o)
    0x0800026e   0x00000000   Code   RO         1240    .ARM.Collect$$libshutdown$$00000003  c_w.l(libshutdown2.o)
    0x0800026e   0x00000000   Code   RO         1243    .ARM.Collect$$libshutdown$$00000006  c_w.l(libshutdown2.o)
    0x0800026e   0x00000000   Code   RO         1246    .ARM.Collect$$libshutdown$$00000009  c_w.l(libshutdown2.o)
    0x0800026e   0x00000000   Code   RO         1248    .ARM.Collect$$libshutdown$$0000000B  c_w.l(libshutdown2.o)
    0x0800026e   0x00000000   Code   RO         1251    .ARM.Collect$$libshutdown$$0000000E  c_w.l(libshutdown2.o)
    0x0800026e   0x00000002   Code   RO         1252    .ARM.Collect$$libshutdown$$0000000F  c_w.l(libshutdown2.o)
    0x08000270   0x00000000   Code   RO         1114    .ARM.Collect$$rtentry$$00000000  c_w.l(__rtentry.o)
    0x08000270   0x00000000   Code   RO         1132    .ARM.Collect$$rtentry$$00000002  c_w.l(__rtentry2.o)
    0x08000270   0x00000006   Code   RO         1144    .ARM.Collect$$rtentry$$00000004  c_w.l(__rtentry4.o)
    0x08000276   0x00000000   Code   RO         1134    .ARM.Collect$$rtentry$$00000009  c_w.l(__rtentry2.o)
    0x08000276   0x00000004   Code   RO         1135    .ARM.Collect$$rtentry$$0000000A  c_w.l(__rtentry2.o)
    0x0800027a   0x00000000   Code   RO         1137    .ARM.Collect$$rtentry$$0000000C  c_w.l(__rtentry2.o)
    0x0800027a   0x00000008   Code   RO         1138    .ARM.Collect$$rtentry$$0000000D  c_w.l(__rtentry2.o)
    0x08000282   0x00000002   Code   RO         1165    .ARM.Collect$$rtexit$$00000000  c_w.l(rtexit.o)
    0x08000284   0x00000000   Code   RO         1213    .ARM.Collect$$rtexit$$00000002  c_w.l(rtexit2.o)
    0x08000284   0x00000004   Code   RO         1214    .ARM.Collect$$rtexit$$00000003  c_w.l(rtexit2.o)
    0x08000288   0x00000006   Code   RO         1215    .ARM.Collect$$rtexit$$00000004  c_w.l(rtexit2.o)
    0x0800028e   0x00000002   PAD
    0x08000290   0x0000007c   Code   RO            3    .text               main.o
    0x0800030c   0x00000012   Code   RO          215    .text               stm32f4xx_it.o
    0x0800031e   0x00000002   PAD
    0x08000320   0x0000017c   Code   RO          264    .text               system_stm32f4xx.o
    0x0800049c   0x00000040   Code   RO          290    .text               led.o
    0x080004dc   0x000045bc   Code   RO          310    .text               lcd.o
    0x08004a98   0x00000104   Code   RO          342    .text               key.o
    0x08004b9c   0x00000224   Code   RO          363    .text               myiic.o
    0x08004dc0   0x0000013e   Code   RO          383    .text               24cxx.o
    0x08004efe   0x00000002   PAD
    0x08004f00   0x000000b8   Code   RO          403    .text               delay.o
    0x08004fb8   0x0000011c   Code   RO          443    .text               usart.o
    0x080050d4   0x00000040   Code   RO          476    .text               startup_stm32f40_41xxx.o
    0x08005114   0x000000b0   Code   RO          482    .text               misc.o
    0x080051c4   0x0000020c   Code   RO          502    .text               stm32f4xx_gpio.o
    0x080053d0   0x00000448   Code   RO          522    .text               stm32f4xx_fsmc.o
    0x08005818   0x00000480   Code   RO          545    .text               stm32f4xx_rcc.o
    0x08005c98   0x0000007c   Code   RO          567    .text               stm32f4xx_syscfg.o
    0x08005d14   0x00000358   Code   RO          587    .text               stm32f4xx_usart.o
    0x0800606c   0x000000e0   Code   RO          607    .text               stm32f4xx_exti.o
    0x0800614c   0x000009dc   Code   RO          627    .text               stm32f4xx_tim.o
    0x08006b28   0x000013a0   Code   RO          648    .text               vl53l0x_api.o
    0x08007ec8   0x000009f8   Code   RO          697    .text               vl53l0x_api_calibration.o
    0x080088c0   0x00001246   Code   RO          721    .text               vl53l0x_api_core.o
    0x08009b06   0x00000002   PAD
    0x08009b08   0x0000077c   Code   RO          756    .text               vl53l0x_api_strings.o
    0x0800a284   0x00000430   Code   RO          776    .text               vl53l0x_i2c.o
    0x0800a6b4   0x00000114   Code   RO          797    .text               vl53l0x_platform.o
    0x0800a7c8   0x00000450   Code   RO          817    .text               vl53l0x.o
    0x0800ac18   0x000003dc   Code   RO          888    .text               vl53l0x_gen.o
    0x0800aff4   0x000005c4   Code   RO          915    .text               vl53l0x_it.o
    0x0800b5b8   0x00000b14   Code   RO          939    .text               usmart.o
    0x0800c0cc   0x00000420   Code   RO          999    .text               usmart_str.o
    0x0800c4ec   0x00000002   Code   RO         1020    .text               c_w.l(use_no_semi_2.o)
    0x0800c4ee   0x00000002   PAD
    0x0800c4f0   0x00000018   Code   RO         1026    .text               c_w.l(noretval__2printf.o)
    0x0800c508   0x00000028   Code   RO         1028    .text               c_w.l(noretval__2sprintf.o)
    0x0800c530   0x0000004e   Code   RO         1032    .text               c_w.l(_printf_pad.o)
    0x0800c57e   0x00000052   Code   RO         1034    .text               c_w.l(_printf_str.o)
    0x0800c5d0   0x00000078   Code   RO         1036    .text               c_w.l(_printf_dec.o)
    0x0800c648   0x00000058   Code   RO         1041    .text               c_w.l(_printf_hex_int.o)
    0x0800c6a0   0x00000188   Code   RO         1076    .text               c_w.l(__printf_flags_ss_wp.o)
    0x0800c828   0x00000048   Code   RO         1086    .text               c_w.l(strcpy.o)
    0x0800c870   0x00000064   Code   RO         1090    .text               c_w.l(rt_memcpy_w.o)
    0x0800c8d4   0x00000044   Code   RO         1092    .text               c_w.l(rt_memclr.o)
    0x0800c918   0x0000004e   Code   RO         1094    .text               c_w.l(rt_memclr_w.o)
    0x0800c966   0x00000006   Code   RO         1096    .text               c_w.l(heapauxi.o)
    0x0800c96c   0x00000002   Code   RO         1112    .text               c_w.l(use_no_semi.o)
    0x0800c96e   0x000000b2   Code   RO         1115    .text               c_w.l(_printf_intcommon.o)
    0x0800ca20   0x00000030   Code   RO         1117    .text               c_w.l(_printf_char_common.o)
    0x0800ca50   0x0000000a   Code   RO         1119    .text               c_w.l(_sputc.o)
    0x0800ca5a   0x0000002c   Code   RO         1121    .text               c_w.l(_printf_char.o)
    0x0800ca86   0x00000002   PAD
    0x0800ca88   0x00000024   Code   RO         1123    .text               c_w.l(_printf_char_file.o)
    0x0800caac   0x00000008   Code   RO         1148    .text               c_w.l(ferror.o)
    0x0800cab4   0x0000004a   Code   RO         1152    .text               c_w.l(sys_stackheap_outer.o)
    0x0800cafe   0x0000000c   Code   RO         1154    .text               c_w.l(exit.o)
    0x0800cb0a   0x00000002   PAD
    0x0800cb0c   0x00000008   Code   RO         1162    .text               c_w.l(libspace.o)
    0x0800cb14   0x0000000e   Code   RO         1069    i._is_digit         c_w.l(__printf_wp.o)
    0x0800cb22   0x00000002   PAD
    0x0800cb24   0x0000005a   Code   RO         1100    x$fpl$dfixu         fz_wm.l(dfixu.o)
    0x0800cb7e   0x00000026   Code   RO         1104    x$fpl$dfltu         fz_wm.l(dflt_clz.o)
    0x0800cba4   0x00000154   Code   RO         1110    x$fpl$dmul          fz_wm.l(dmul.o)
    0x0800ccf8   0x0000009c   Code   RO         1126    x$fpl$dnaninf       fz_wm.l(dnaninf.o)
    0x0800cd94   0x0000000c   Code   RO         1128    x$fpl$dretinf       fz_wm.l(dretinf.o)
    0x0800cda0   0x0000000a   Code   RO         1221    x$fpl$fpinit        fz_wm.l(fpinit.o)
    0x0800cdaa   0x00000000   Code   RO         1130    x$fpl$usenofp       fz_wm.l(usenofp.o)
    0x0800cdaa   0x000017c0   Data   RO          312    .constdata          lcd.o
    0x0800e56a   0x00000002   PAD
    0x0800e56c   0x0000001c   Data   RO          523    .constdata          stm32f4xx_fsmc.o
    0x0800e588   0x00000028   Data   RO         1042    .constdata          c_w.l(_printf_hex_int.o)
    0x0800e5b0   0x00000011   Data   RO         1077    .constdata          c_w.l(__printf_flags_ss_wp.o)
    0x0800e5c1   0x00000003   PAD
    0x0800e5c4   0x00000028   Data   RO          940    .conststring        usmart.o
    0x0800e5ec   0x000000d4   Data   RO          968    .conststring        usmart_config.o
    0x0800e6c0   0x00000020   Data   RO         1284    Region$$Table       anon$$obj.o


    Execution Region RW_IRAM1 (Base: 0x20000000, Size: 0x00000e08, Max: 0x00020000, ABSOLUTE, COMPRESSED[0x00000328])

    Base Addr    Size         Type   Attr      Idx    E Section Name        Object

    0x20000000   0x00000014   Data   RW          265    .data               system_stm32f4xx.o
    0x20000014   0x00000004   Data   RW          313    .data               lcd.o
    0x20000018   0x00000001   Data   RW          343    .data               key.o
    0x20000019   0x00000001   PAD
    0x2000001a   0x00000004   Data   RW          404    .data               delay.o
    0x2000001e   0x00000002   Data   RW          445    .data               usart.o
    0x20000020   0x00000004   Data   RW          446    .data               usart.o
    0x20000024   0x00000010   Data   RW          546    .data               stm32f4xx_rcc.o
    0x20000034   0x000002a9   Data   RW          649    .data               vl53l0x_api.o
    0x200002dd   0x00000003   PAD
    0x200002e0   0x00000010   Data   RW          698    .data               vl53l0x_api_calibration.o
    0x200002f0   0x00000001   Data   RW          819    .data               vl53l0x.o
    0x200002f1   0x00000038   Data   RW          820    .data               vl53l0x.o
    0x20000329   0x00000001   PAD
    0x2000032a   0x00000002   Data   RW          890    .data               vl53l0x_gen.o
    0x2000032c   0x00000010   Data   RW          917    .data               vl53l0x_it.o
    0x2000033c   0x0000001c   Data   RW          941    .data               usmart.o
    0x20000358   0x00000030   Data   RW          969    .data               usmart_config.o
    0x20000388   0x000000f4   Data   RW          970    .data               usmart_config.o
    0x2000047c   0x0000000e   Zero   RW          311    .bss                lcd.o
    0x2000048a   0x000000c8   Zero   RW          444    .bss                usart.o
    0x20000552   0x00000002   PAD
    0x20000554   0x000001c3   Zero   RW          818    .bss                vl53l0x.o
    0x20000717   0x00000030   Zero   RW          858    .bss                vl53l0x_cali.o
    0x20000747   0x00000001   PAD
    0x20000748   0x0000003c   Zero   RW          889    .bss                vl53l0x_gen.o
    0x20000784   0x00000020   Zero   RW          916    .bss                vl53l0x_it.o
    0x200007a4   0x00000060   Zero   RW         1163    .bss                c_w.l(libspace.o)
    0x20000804   0x00000004   PAD
    0x20000808   0x00000200   Zero   RW          474    HEAP                startup_stm32f40_41xxx.o
    0x20000a08   0x00000400   Zero   RW          473    STACK               startup_stm32f40_41xxx.o


==============================================================================

Image component sizes


      Code (inc. data)   RO Data    RW Data    ZI Data      Debug   Object Name

       318          0          0          0          0       2522   24cxx.o
       184          4          0          4          0       1517   delay.o
       260         12          0          1          0       1016   key.o
     17852        114       6080          4         14      21524   lcd.o
        64          6          0          0          0        639   led.o
       124         32          0          0          0     309235   main.o
       176         12          0          0          0       1953   misc.o
       548          8          0          0          0       2012   myiic.o
        64         26        392          0       1536        916   startup_stm32f40_41xxx.o
       224         10          0          0          0       2351   stm32f4xx_exti.o
      1096         10         28          0          0       5594   stm32f4xx_fsmc.o
       524         44          0          0          0       3933   stm32f4xx_gpio.o
        18          0          0          0          0       1306   stm32f4xx_it.o
      1152         48          0         16          0      11816   stm32f4xx_rcc.o
       124         16          0          0          0       1829   stm32f4xx_syscfg.o
      2524         52          0          0          0      18438   stm32f4xx_tim.o
       856         32          0          0          0       6916   stm32f4xx_usart.o
       380         36          0         20          0       2107   system_stm32f4xx.o
       284         16          0          6        200       3558   usart.o
      2836       1292         40         28          0       4628   usmart.o
         0          0        212        292          0       1900   usmart_config.o
      1056         12          0          0          0       4895   usmart_str.o
      1104        446          0         57        451       4448   vl53l0x.o
      5024         70          0        681          0      33083   vl53l0x_api.o
      2552         12          0         16          0      12990   vl53l0x_api_calibration.o
      4678         16          0          0          0      16962   vl53l0x_api_core.o
      1916       1266          0          0          0       4253   vl53l0x_api_strings.o
         0          0          0          0         48       1042   vl53l0x_cali.o
       988        266          0          2         60       2952   vl53l0x_gen.o
      1072          8          0          0          0       5913   vl53l0x_i2c.o
      1476        346          0         16         32       3189   vl53l0x_it.o
       276          0          0          0          0       3771   vl53l0x_platform.o

    ----------------------------------------------------------------------
     49756       4212       6786       1148       2344     499208   Object Totals
         0          0         32          0          0          0   (incl. Generated)
         6          0          2          5          3          0   (incl. Padding)

    ----------------------------------------------------------------------

      Code (inc. data)   RO Data    RW Data    ZI Data      Debug   Library Member Name

        90          0          0          0          0          0   __dczerorl2.o
         8          0          0          0          0         68   __main.o
       392          4         17          0          0         92   __printf_flags_ss_wp.o
        14          0          0          0          0         68   __printf_wp.o
         0          0          0          0          0          0   __rtentry.o
        12          0          0          0          0          0   __rtentry2.o
         6          0          0          0          0          0   __rtentry4.o
        52          8          0          0          0          0   __scatter.o
        28          0          0          0          0          0   __scatter_zi.o
         6          0          0          0          0          0   _printf_c.o
        44          0          0          0          0        108   _printf_char.o
        48          6          0          0          0         96   _printf_char_common.o
        36          4          0          0          0         80   _printf_char_file.o
         6          0          0          0          0          0   _printf_d.o
       120         16          0          0          0         92   _printf_dec.o
        88          4         40          0          0         88   _printf_hex_int.o
         6          0          0          0          0          0   _printf_i.o
       178          0          0          0          0         88   _printf_intcommon.o
        78          0          0          0          0        108   _printf_pad.o
         0          0          0          0          0          0   _printf_percent.o
         4          0          0          0          0          0   _printf_percent_end.o
         6          0          0          0          0          0   _printf_s.o
        82          0          0          0          0         80   _printf_str.o
         6          0          0          0          0          0   _printf_u.o
         6          0          0          0          0          0   _printf_x.o
        10          0          0          0          0         68   _sputc.o
        12          0          0          0          0         72   exit.o
         8          0          0          0          0         68   ferror.o
         6          0          0          0          0        152   heapauxi.o
         2          0          0          0          0          0   libinit.o
         6          0          0          0          0          0   libinit2.o
         2          0          0          0          0          0   libshutdown.o
         2          0          0          0          0          0   libshutdown2.o
         8          4          0          0         96         68   libspace.o
        24          4          0          0          0         84   noretval__2printf.o
        40          6          0          0          0         84   noretval__2sprintf.o
        68          0          0          0          0         68   rt_memclr.o
        78          0          0          0          0         80   rt_memclr_w.o
       100          0          0          0          0         80   rt_memcpy_w.o
         2          0          0          0          0          0   rtexit.o
        10          0          0          0          0          0   rtexit2.o
        72          0          0          0          0         80   strcpy.o
        74          0          0          0          0         80   sys_stackheap_outer.o
         2          0          0          0          0         68   use_no_semi.o
         2          0          0          0          0         68   use_no_semi_2.o
        90          4          0          0          0        140   dfixu.o
        38          0          0          0          0        116   dflt_clz.o
       340         12          0          0          0        152   dmul.o
       156          4          0          0          0        140   dnaninf.o
        12          0          0          0          0        116   dretinf.o
        10          0          0          0          0        116   fpinit.o
         0          0          0          0          0          0   usenofp.o

    ----------------------------------------------------------------------
      2502         76         60          0        100       2868   Library Totals
        12          0          3          0          4          0   (incl. Padding)

    ----------------------------------------------------------------------

      Code (inc. data)   RO Data    RW Data    ZI Data      Debug   Library Name

      1844         56         57          0         96       2088   c_w.l
       646         20          0          0          0        780   fz_wm.l

    ----------------------------------------------------------------------
      2502         76         60          0        100       2868   Library Totals

    ----------------------------------------------------------------------

==============================================================================


      Code (inc. data)   RO Data    RW Data    ZI Data      Debug   

     52258       4288       6846       1148       2444     493284   Grand Totals
     52258       4288       6846        808       2444     493284   ELF Image Totals (compressed)
     52258       4288       6846        808          0          0   ROM Totals

==============================================================================

    Total RO  Size (Code + RO Data)                59104 (  57.72kB)
    Total RW  Size (RW Data + ZI Data)              3592 (   3.51kB)
    Total ROM Size (Code + RO Data + RW Data)      59912 (  58.51kB)

==============================================================================

